Archive member included because of file (symbol)

/Applications/microchip/xc32/v1.32/bin/bin/../../lib/gcc/pic32mx/4.5.2/../../../../pic32mx/lib/libmchp_peripheral_32MX320F128H.a(int_configure_system_lib.o)
                              build/default/production/hardware/BOARD.o (INTConfigureSystem)
/Applications/microchip/xc32/v1.32/bin/bin/../../lib/gcc/pic32mx/4.5.2/../../../../pic32mx/lib/libmchp_peripheral_32MX320F128H.a(int_enable_interrupts_lib.o)
                              build/default/production/hardware/BOARD.o (INTEnableInterrupts)
/Applications/microchip/xc32/v1.32/bin/bin/../../lib/gcc/pic32mx/4.5.2/../../../../pic32mx/lib/libmchp_peripheral_32MX320F128H.a(int_tbl_lib.o)
                              build/default/production/hardware/AD.o (INTClearFlag)
/Applications/microchip/xc32/v1.32/bin/bin/../../lib/gcc/pic32mx/4.5.2/../../../../pic32mx/lib/libmchp_peripheral_32MX320F128H.a(nvm_erase_page_lib.o)
                              build/default/production/hardware/dee_emulation_pic32.o (NVMErasePage)
/Applications/microchip/xc32/v1.32/bin/bin/../../lib/gcc/pic32mx/4.5.2/../../../../pic32mx/lib/libmchp_peripheral_32MX320F128H.a(nvm_operation_lib.o)
                              /Applications/microchip/xc32/v1.32/bin/bin/../../lib/gcc/pic32mx/4.5.2/../../../../pic32mx/lib/libmchp_peripheral_32MX320F128H.a(nvm_erase_page_lib.o) (_NVMOperation)
/Applications/microchip/xc32/v1.32/bin/bin/../../lib/gcc/pic32mx/4.5.2/../../../../pic32mx/lib/libmchp_peripheral_32MX320F128H.a(nvm_write_word_lib.o)
                              build/default/production/hardware/dee_emulation_pic32.o (NVMWriteWord)
/Applications/microchip/xc32/v1.32/bin/bin/../../lib/gcc/pic32mx/4.5.2/../../../../pic32mx/lib/libmchp_peripheral_32MX320F128H.a(port_set_pins_digital_in_lib.o)
                              build/default/production/hardware/BOARD.o (PORTSetPinsDigitalIn)
/Applications/microchip/xc32/v1.32/bin/bin/../../lib/gcc/pic32mx/4.5.2/../../../../pic32mx/lib/libmchp_peripheral_32MX320F128H.a(_ports_tbl_libp.o)
                              /Applications/microchip/xc32/v1.32/bin/bin/../../lib/gcc/pic32mx/4.5.2/../../../../pic32mx/lib/libmchp_peripheral_32MX320F128H.a(port_set_pins_digital_in_lib.o) (PortRegTbl)
/Applications/microchip/xc32/v1.32/bin/bin/../../lib/gcc/pic32mx/4.5.2/../../../../pic32mx/lib/libmchp_peripheral_32MX320F128H.a(uart_lib.o)
                              build/default/production/hardware/serial.o (UARTEnable)
/Applications/microchip/xc32/v1.32/bin/bin/../../lib/gcc/pic32mx/4.5.2/../../../../pic32mx/lib/libmchp_peripheral_32MX320F128H.a(int_disable_interrupts_lib.o)
                              /Applications/microchip/xc32/v1.32/bin/bin/../../lib/gcc/pic32mx/4.5.2/../../../../pic32mx/lib/libmchp_peripheral_32MX320F128H.a(nvm_operation_lib.o) (INTDisableInterrupts)
/Applications/microchip/xc32/v1.32/bin/bin/../../lib/gcc/pic32mx/4.5.2/../../../../pic32mx/lib/libmchp_peripheral_32MX320F128H.a(int_restore_interrupts_lib.o)
                              /Applications/microchip/xc32/v1.32/bin/bin/../../lib/gcc/pic32mx/4.5.2/../../../../pic32mx/lib/libmchp_peripheral_32MX320F128H.a(nvm_operation_lib.o) (INTRestoreInterrupts)
/Applications/microchip/xc32/v1.32/bin/bin/../../lib/gcc/pic32mx/4.5.2/libgcc.a(floatunsisf.o)
                              build/default/production/hardware/AD.o (__floatunsisf)
/Applications/microchip/xc32/v1.32/bin/bin/../../lib/gcc/pic32mx/4.5.2/../../../../pic32mx/lib/libpic32.a(default-bootstrap-exception-handler.o)
                              /Applications/microchip/xc32/v1.32/bin/bin/../../lib/gcc/pic32mx/4.5.2/../../../../pic32mx/lib/./proc/32MX320F128H/crt0_mips32r2.o (_bootstrap_exception_handler)
/Applications/microchip/xc32/v1.32/bin/bin/../../lib/gcc/pic32mx/4.5.2/../../../../pic32mx/lib/libpic32.a(default-on-reset.o)
                              /Applications/microchip/xc32/v1.32/bin/bin/../../lib/gcc/pic32mx/4.5.2/../../../../pic32mx/lib/./proc/32MX320F128H/crt0_mips32r2.o (_on_reset)
/Applications/microchip/xc32/v1.32/bin/bin/../../lib/gcc/pic32mx/4.5.2/../../../../pic32mx/lib/libpic32.a(default-on-bootstrap.o)
                              /Applications/microchip/xc32/v1.32/bin/bin/../../lib/gcc/pic32mx/4.5.2/../../../../pic32mx/lib/./proc/32MX320F128H/crt0_mips32r2.o (_on_bootstrap)
/Applications/microchip/xc32/v1.32/bin/bin/../../lib/gcc/pic32mx/4.5.2/../../../../pic32mx/lib/libpic32.a(default-nmi-handler.o)
                              /Applications/microchip/xc32/v1.32/bin/bin/../../lib/gcc/pic32mx/4.5.2/../../../../pic32mx/lib/./proc/32MX320F128H/crt0_mips32r2.o (_nmi_handler)
/Applications/microchip/xc32/v1.32/bin/bin/../../lib/gcc/pic32mx/4.5.2/../../../../pic32mx/lib/libpic32.a(general-exception.o)
                              /Applications/microchip/xc32/v1.32/bin/bin/../../lib/gcc/pic32mx/4.5.2/../../../../pic32mx/lib/./proc/32MX320F128H/crt0_mips32r2.o (_general_exception_context)
[...]
Memory Configuration

Name             Origin             Length             Attributes
kseg0_program_mem 0x9d000000         0x00020000         xr
kseg0_boot_mem   0x9fc00490         0x00000970
exception_mem    0x9fc01000         0x00001000
kseg1_boot_mem   0xbfc00000         0x00000490
debug_exec_mem   0xbfc02000         0x00000ff0
config3          0xbfc02ff0         0x00000004
config2          0xbfc02ff4         0x00000004
config1          0xbfc02ff8         0x00000004
config0          0xbfc02ffc         0x00000004
kseg1_data_mem   0xa0000000         0x00004000         w !x
sfrs             0xbf800000         0x00100000
configsfrs       0xbfc02ff0         0x00000010
*default*        0x00000000         0xffffffff

Linker script and memory map

LOAD /Applications/microchip/xc32/v1.32/bin/bin/../../lib/gcc/pic32mx/4.5.2/../../../../pic32mx/lib/./proc/32MX320F128H/crt0_mips32r2.o
LOAD /Applications/microchip/xc32/v1.32/bin/bin/../../lib/gcc/pic32mx/4.5.2/../../../../pic32mx/lib/debug-exception-return.o
LOAD build/default/production/ES_Files/ES_CheckEvents.o
LOAD build/default/production/ES_Files/ES_Framework.o
LOAD build/default/production/ES_Files/ES_KeyboardInput.o
LOAD build/default/production/ES_Files/ES_LookupTables.o
LOAD build/default/production/ES_Files/ES_PostList.o
LOAD build/default/production/ES_Files/ES_Queue.o
LOAD build/default/production/ES_Files/ES_TattleTale.o
LOAD build/default/production/ES_Files/ES_Timers.o
LOAD build/default/production/ES_Files/ES_TimerService.o
LOAD build/default/production/FSMs/Bot.o
LOAD build/default/production/FSMs/BotFrameworkEvents.o
LOAD build/default/production/FSMs/BotMain.o
LOAD build/default/production/FSMs/Motor_X_FSM.o
LOAD build/default/production/FSMs/Motor_Y_FSM.o
LOAD build/default/production/FSMs/Servo_Azimuth_FSM.o
LOAD build/default/production/hardware/AD.o
LOAD build/default/production/hardware/BOARD.o
LOAD build/default/production/hardware/dee_emulation_pic32.o
LOAD build/default/production/hardware/IO_Ports.o
LOAD build/default/production/hardware/LED.o
LOAD build/default/production/hardware/pwm.o
LOAD build/default/production/hardware/RC_Servo.o
LOAD build/default/production/hardware/serial.o
LOAD build/default/production/hardware/Stepper.o
                0x00000001                __MPLAB_BUILD = 0x1
LOAD /Applications/microchip/xc32/v1.32/bin/bin/../../lib/gcc/pic32mx/4.5.2/../../../../pic32mx/lib/./proc/32MX320F128H/default_isr_vectors.o
LOAD /Applications/microchip/xc32/v1.32/bin/bin/../../lib/gcc/pic32mx/4.5.2/../../../../pic32mx/lib/pic32_software_reset.o
                0x00000400                PROVIDE (_min_stack_size, 0x400)
LOAD /Applications/microchip/xc32/v1.32/bin/bin/../../lib/gcc/pic32mx/4.5.2/../../../../pic32mx/lib/./proc/32MX320F128H/processor.o
START GROUP
LOAD /Applications/microchip/xc32/v1.32/bin/bin/../../lib/gcc/pic32mx/4.5.2/../../../../pic32mx/lib/libmchp_peripheral.a
END GROUP
START GROUP
LOAD /Applications/microchip/xc32/v1.32/bin/bin/../../lib/gcc/pic32mx/4.5.2/../../../../pic32mx/lib/libmchp_peripheral_32MX320F128H.a
END GROUP
                0x00000001                PROVIDE (_vector_spacing, 0x1)
                0x9fc01000                _ebase_address = 0x9fc01000
                0xbfc00000                _RESET_ADDR = 0xbfc00000
                0xbfc00380                _BEV_EXCPT_ADDR = 0xbfc00380
                0xbfc00480                _DBG_EXCPT_ADDR = 0xbfc00480
                0xbfc02000                _DBG_CODE_ADDR = 0xbfc02000
                0x00000ff0                _DBG_CODE_SIZE = 0xff0
                0x9fc01180                _GEN_EXCPT_ADDR = (_ebase_address + 0x180)

.config_BFC02FF0
 *(.config_BFC02FF0)

.config_BFC02FF4
                0xbfc02ff4        0x4
 *(.config_BFC02FF4)
 .config_BFC02FF4
                0xbfc02ff4        0x4 build/default/production/FSMs/BotMain.o

.config_BFC02FF8
                0xbfc02ff8        0x4
 *(.config_BFC02FF8)
 .config_BFC02FF8
                0xbfc02ff8        0x4 build/default/production/FSMs/BotMain.o

.config_BFC02FFC
                0xbfc02ffc        0x4
 *(.config_BFC02FFC)
 .config_BFC02FFC
                0xbfc02ffc        0x4 build/default/production/FSMs/BotMain.o
                0xbfc02000                PROVIDE (_DBG_CODE_ADDR, 0xbfc02000)
                0x00000ff0                PROVIDE (_DBG_CODE_SIZE, 0xff0)

.reset          0xbfc00000      0x1e8
 *(.reset)
 .reset         0xbfc00000      0x1e8 /Applications/microchip/xc32/v1.32/bin/bin/../../lib/gcc/pic32mx/4.5.2/../../../../pic32mx/lib/./proc/32MX320F128H/crt0_mips32r2.o
                0xbfc00000                _reset
 *(.reset.startup)

.bev_excpt      0xbfc00380       0x10
 *(.bev_handler)
 .bev_handler   0xbfc00380       0x10 /Applications/microchip/xc32/v1.32/bin/bin/../../lib/gcc/pic32mx/4.5.2/../../../../pic32mx/lib/./proc/32MX320F128H/crt0_mips32r2.o

.dbg_excpt      0xbfc00480        0x0
                0xbfc00480                . = (. + DEFINED (_DEBUGGER)?0x8:0x0)

.dbg_code       0xbfc02000        0x0
                0xbfc02000                . = (. + DEFINED (_DEBUGGER)?_DBG_CODE_SIZE:0x0)

.app_excpt      0x9fc01180       0x10
 *(.gen_handler)
 .gen_handler   0x9fc01180       0x10 /Applications/microchip/xc32/v1.32/bin/bin/../../lib/gcc/pic32mx/4.5.2/../../../../pic32mx/lib/./proc/32MX320F128H/crt0_mips32r2.o

.vector_0       0x9fc01200        0x8
 *(.vector_0)
 .vector_0      0x9fc01200        0x8 /Applications/microchip/xc32/v1.32/bin/bin/../../lib/gcc/pic32mx/4.5.2/../../../../pic32mx/lib/libpic32.a(vector0.o)
                0x9fc01200                __vector_dispatch_0
                0x00000001                ASSERT (((_vector_spacing == 0x0) || (SIZEOF (.vector_0) <= (_vector_spacing << 0x5))), function at exception vector 0 too large)

.vector_1       0x9fc01220        0x8
 *(.vector_1)
 .vector_1      0x9fc01220        0x8 /Applications/microchip/xc32/v1.32/bin/bin/../../lib/gcc/pic32mx/4.5.2/../../../../pic32mx/lib/libpic32.a(vector1.o)
                0x9fc01220                __vector_dispatch_1
                0x00000001                ASSERT (((_vector_spacing == 0x0) || (SIZEOF (.vector_1) <= (_vector_spacing << 0x5))), function at exception vector 1 too large)

.vector_2       0x9fc01240        0x8
 *(.vector_2)
 .vector_2      0x9fc01240        0x8 /Applications/microchip/xc32/v1.32/bin/bin/../../lib/gcc/pic32mx/4.5.2/../../../../pic32mx/lib/libpic32.a(vector2.o)
                0x9fc01240                __vector_dispatch_2
                0x00000001                ASSERT (((_vector_spacing == 0x0) || (SIZEOF (.vector_2) <= (_vector_spacing << 0x5))), function at exception vector 2 too large)

.vector_3       0x9fc01260        0x8
 *(.vector_3)
 .vector_3      0x9fc01260        0x8 /Applications/microchip/xc32/v1.32/bin/bin/../../lib/gcc/pic32mx/4.5.2/../../../../pic32mx/lib/libpic32.a(vector3.o)
                0x9fc01260                __vector_dispatch_3
                0x00000001                ASSERT (((_vector_spacing == 0x0) || (SIZEOF (.vector_3) <= (_vector_spacing << 0x5))), function at exception vector 3 too large)

.vector_4       0x9fc01280        0x8
 *(.vector_4)
 .vector_4      0x9fc01280        0x8 build/default/production/ES_Files/ES_Timers.o
                0x9fc01280                __vector_dispatch_4
                0x00000001                ASSERT (((_vector_spacing == 0x0) || (SIZEOF (.vector_4) <= (_vector_spacing << 0x5))), function at exception vector 4 too large)

.vector_5       0x9fc012a0        0x8
 *(.vector_5)
 .vector_5      0x9fc012a0        0x8 /Applications/microchip/xc32/v1.32/bin/bin/../../lib/gcc/pic32mx/4.5.2/../../../../pic32mx/lib/libpic32.a(vector5.o)
                0x9fc012a0                __vector_dispatch_5
                0x00000001                ASSERT (((_vector_spacing == 0x0) || (SIZEOF (.vector_5) <= (_vector_spacing << 0x5))), function at exception vector 5 too large)

.vector_6       0x9fc012c0        0x8
 *(.vector_6)
 .vector_6      0x9fc012c0        0x8 /Applications/microchip/xc32/v1.32/bin/bin/../../lib/gcc/pic32mx/4.5.2/../../../../pic32mx/lib/libpic32.a(vector6.o)
                0x9fc012c0                __vector_dispatch_6
                0x00000001                ASSERT (((_vector_spacing == 0x0) || (SIZEOF (.vector_6) <= (_vector_spacing << 0x5))), function at exception vector 6 too large)

.vector_7       0x9fc012e0        0x8
 *(.vector_7)
 .vector_7      0x9fc012e0        0x8 /Applications/microchip/xc32/v1.32/bin/bin/../../lib/gcc/pic32mx/4.5.2/../../../../pic32mx/lib/libpic32.a(vector7.o)
                0x9fc012e0                __vector_dispatch_7
                0x00000001                ASSERT (((_vector_spacing == 0x0) || (SIZEOF (.vector_7) <= (_vector_spacing << 0x5))), function at exception vector 7 too large)

.vector_8       0x9fc01300        0x8
 *(.vector_8)
 .vector_8      0x9fc01300        0x8 /Applications/microchip/xc32/v1.32/bin/bin/../../lib/gcc/pic32mx/4.5.2/../../../../pic32mx/lib/libpic32.a(vector8.o)
                0x9fc01300                __vector_dispatch_8
                0x00000001                ASSERT (((_vector_spacing == 0x0) || (SIZEOF (.vector_8) <= (_vector_spacing << 0x5))), function at exception vector 8 too large)

.vector_9       0x9fc01320        0x8
 *(.vector_9)
 .vector_9      0x9fc01320        0x8 /Applications/microchip/xc32/v1.32/bin/bin/../../lib/gcc/pic32mx/4.5.2/../../../../pic32mx/lib/libpic32.a(vector9.o)
                0x9fc01320                __vector_dispatch_9
                0x00000001                ASSERT (((_vector_spacing == 0x0) || (SIZEOF (.vector_9) <= (_vector_spacing << 0x5))), function at exception vector 9 too large)

.vector_10      0x9fc01340        0x8
 *(.vector_10)
 .vector_10     0x9fc01340        0x8 /Applications/microchip/xc32/v1.32/bin/bin/../../lib/gcc/pic32mx/4.5.2/../../../../pic32mx/lib/libpic32.a(vector10.o)
                0x9fc01340                __vector_dispatch_10
                0x00000001                ASSERT (((_vector_spacing == 0x0) || (SIZEOF (.vector_10) <= (_vector_spacing << 0x5))), function at exception vector 10 too large)

.vector_11      0x9fc01360        0x8
 *(.vector_11)
 .vector_11     0x9fc01360        0x8 /Applications/microchip/xc32/v1.32/bin/bin/../../lib/gcc/pic32mx/4.5.2/../../../../pic32mx/lib/libpic32.a(vector11.o)
                0x9fc01360                __vector_dispatch_11
                0x00000001                ASSERT (((_vector_spacing == 0x0) || (SIZEOF (.vector_11) <= (_vector_spacing << 0x5))), function at exception vector 11 too large)

.vector_12      0x9fc01380        0x8
 *(.vector_12)
 .vector_12     0x9fc01380        0x8 build/default/production/hardware/RC_Servo.o
                0x9fc01380                __vector_dispatch_12
                0x00000001                ASSERT (((_vector_spacing == 0x0) || (SIZEOF (.vector_12) <= (_vector_spacing << 0x5))), function at exception vector 12 too large)

.vector_13      0x9fc013a0        0x8
 *(.vector_13)
 .vector_13     0x9fc013a0        0x8 /Applications/microchip/xc32/v1.32/bin/bin/../../lib/gcc/pic32mx/4.5.2/../../../../pic32mx/lib/libpic32.a(vector13.o)
                0x9fc013a0                __vector_dispatch_13
                0x00000001                ASSERT (((_vector_spacing == 0x0) || (SIZEOF (.vector_13) <= (_vector_spacing << 0x5))), function at exception vector 13 too large)

.vector_14      0x9fc013c0        0x8
 *(.vector_14)
 .vector_14     0x9fc013c0        0x8 /Applications/microchip/xc32/v1.32/bin/bin/../../lib/gcc/pic32mx/4.5.2/../../../../pic32mx/lib/libpic32.a(vector14.o)
                0x9fc013c0                __vector_dispatch_14
                0x00000001                ASSERT (((_vector_spacing == 0x0) || (SIZEOF (.vector_14) <= (_vector_spacing << 0x5))), function at exception vector 14 too large)

.vector_15      0x9fc013e0        0x8
 *(.vector_15)
 .vector_15     0x9fc013e0        0x8 /Applications/microchip/xc32/v1.32/bin/bin/../../lib/gcc/pic32mx/4.5.2/../../../../pic32mx/lib/libpic32.a(vector15.o)
                0x9fc013e0                __vector_dispatch_15
                0x00000001                ASSERT (((_vector_spacing == 0x0) || (SIZEOF (.vector_15) <= (_vector_spacing << 0x5))), function at exception vector 15 too large)

.vector_16      0x9fc01400        0x8
 *(.vector_16)
 .vector_16     0x9fc01400        0x8 build/default/production/hardware/Stepper.o
                0x9fc01400                __vector_dispatch_16
                0x00000001                ASSERT (((_vector_spacing == 0x0) || (SIZEOF (.vector_16) <= (_vector_spacing << 0x5))), function at exception vector 16 too large)

.vector_17      0x9fc01420        0x8
 *(.vector_17)
 .vector_17     0x9fc01420        0x8 /Applications/microchip/xc32/v1.32/bin/bin/../../lib/gcc/pic32mx/4.5.2/../../../../pic32mx/lib/libpic32.a(vector17.o)
                0x9fc01420                __vector_dispatch_17
                0x00000001                ASSERT (((_vector_spacing == 0x0) || (SIZEOF (.vector_17) <= (_vector_spacing << 0x5))), function at exception vector 17 too large)

.vector_18      0x9fc01440        0x8
 *(.vector_18)
 .vector_18     0x9fc01440        0x8 /Applications/microchip/xc32/v1.32/bin/bin/../../lib/gcc/pic32mx/4.5.2/../../../../pic32mx/lib/libpic32.a(vector18.o)
                0x9fc01440                __vector_dispatch_18
                0x00000001                ASSERT (((_vector_spacing == 0x0) || (SIZEOF (.vector_18) <= (_vector_spacing << 0x5))), function at exception vector 18 too large)

.vector_19      0x9fc01460        0x8
 *(.vector_19)
 .vector_19     0x9fc01460        0x8 /Applications/microchip/xc32/v1.32/bin/bin/../../lib/gcc/pic32mx/4.5.2/../../../../pic32mx/lib/libpic32.a(vector19.o)
                0x9fc01460                __vector_dispatch_19
                0x00000001                ASSERT (((_vector_spacing == 0x0) || (SIZEOF (.vector_19) <= (_vector_spacing << 0x5))), function at exception vector 19 too large)

.vector_20      0x9fc01480        0x8
 *(.vector_20)
 .vector_20     0x9fc01480        0x8 build/default/production/hardware/Stepper.o
                0x9fc01480                __vector_dispatch_20
                0x00000001                ASSERT (((_vector_spacing == 0x0) || (SIZEOF (.vector_20) <= (_vector_spacing << 0x5))), function at exception vector 20 too large)

.vector_21      0x9fc014a0        0x8
 *(.vector_21)
 .vector_21     0x9fc014a0        0x8 /Applications/microchip/xc32/v1.32/bin/bin/../../lib/gcc/pic32mx/4.5.2/../../../../pic32mx/lib/libpic32.a(vector21.o)
                0x9fc014a0                __vector_dispatch_21
                0x00000001                ASSERT (((_vector_spacing == 0x0) || (SIZEOF (.vector_21) <= (_vector_spacing << 0x5))), function at exception vector 21 too large)

.vector_22      0x9fc014c0        0x8
 *(.vector_22)
 .vector_22     0x9fc014c0        0x8 /Applications/microchip/xc32/v1.32/bin/bin/../../lib/gcc/pic32mx/4.5.2/../../../../pic32mx/lib/libpic32.a(vector22.o)
                0x9fc014c0                __vector_dispatch_22
                0x00000001                ASSERT (((_vector_spacing == 0x0) || (SIZEOF (.vector_22) <= (_vector_spacing << 0x5))), function at exception vector 22 too large)

.vector_23      0x9fc014e0        0x8
 *(.vector_23)
 .vector_23     0x9fc014e0        0x8 /Applications/microchip/xc32/v1.32/bin/bin/../../lib/gcc/pic32mx/4.5.2/../../../../pic32mx/lib/libpic32.a(vector23.o)
                0x9fc014e0                __vector_dispatch_23
                0x00000001                ASSERT (((_vector_spacing == 0x0) || (SIZEOF (.vector_23) <= (_vector_spacing << 0x5))), function at exception vector 23 too large)

.vector_24      0x9fc01500        0x8
 *(.vector_24)
 .vector_24     0x9fc01500        0x8 build/default/production/hardware/serial.o
                0x9fc01500                __vector_dispatch_24
                0x00000001                ASSERT (((_vector_spacing == 0x0) || (SIZEOF (.vector_24) <= (_vector_spacing << 0x5))), function at exception vector 24 too large)

.vector_25      0x9fc01520        0x8
 *(.vector_25)
 .vector_25     0x9fc01520        0x8 /Applications/microchip/xc32/v1.32/bin/bin/../../lib/gcc/pic32mx/4.5.2/../../../../pic32mx/lib/libpic32.a(vector25.o)
                0x9fc01520                __vector_dispatch_25
                0x00000001                ASSERT (((_vector_spacing == 0x0) || (SIZEOF (.vector_25) <= (_vector_spacing << 0x5))), function at exception vector 25 too large)

.vector_26      0x9fc01540        0x8
 *(.vector_26)
 .vector_26     0x9fc01540        0x8 /Applications/microchip/xc32/v1.32/bin/bin/../../lib/gcc/pic32mx/4.5.2/../../../../pic32mx/lib/libpic32.a(vector26.o)
                0x9fc01540                __vector_dispatch_26
                0x00000001                ASSERT (((_vector_spacing == 0x0) || (SIZEOF (.vector_26) <= (_vector_spacing << 0x5))), function at exception vector 26 too large)

.vector_27      0x9fc01560        0x8
 *(.vector_27)
 .vector_27     0x9fc01560        0x8 build/default/production/hardware/AD.o
                0x9fc01560                __vector_dispatch_27
                0x00000001                ASSERT (((_vector_spacing == 0x0) || (SIZEOF (.vector_27) <= (_vector_spacing << 0x5))), function at exception vector 27 too large)

.vector_28      0x9fc01580        0x8
 *(.vector_28)
 .vector_28     0x9fc01580        0x8 /Applications/microchip/xc32/v1.32/bin/bin/../../lib/gcc/pic32mx/4.5.2/../../../../pic32mx/lib/libpic32.a(vector28.o)
                0x9fc01580                __vector_dispatch_28
                0x00000001                ASSERT (((_vector_spacing == 0x0) || (SIZEOF (.vector_28) <= (_vector_spacing << 0x5))), function at exception vector 28 too large)

.vector_29      0x9fc015a0        0x8
 *(.vector_29)
 .vector_29     0x9fc015a0        0x8 /Applications/microchip/xc32/v1.32/bin/bin/../../lib/gcc/pic32mx/4.5.2/../../../../pic32mx/lib/libpic32.a(vector29.o)
                0x9fc015a0                __vector_dispatch_29
                0x00000001                ASSERT (((_vector_spacing == 0x0) || (SIZEOF (.vector_29) <= (_vector_spacing << 0x5))), function at exception vector 29 too large)

.vector_30      0x9fc015c0        0x8
 *(.vector_30)
 .vector_30     0x9fc015c0        0x8 /Applications/microchip/xc32/v1.32/bin/bin/../../lib/gcc/pic32mx/4.5.2/../../../../pic32mx/lib/libpic32.a(vector30.o)
                0x9fc015c0                __vector_dispatch_30
                0x00000001                ASSERT (((_vector_spacing == 0x0) || (SIZEOF (.vector_30) <= (_vector_spacing << 0x5))), function at exception vector 30 too large)

.vector_31      0x9fc015e0        0x8
 *(.vector_31)
 .vector_31     0x9fc015e0        0x8 /Applications/microchip/xc32/v1.32/bin/bin/../../lib/gcc/pic32mx/4.5.2/../../../../pic32mx/lib/libpic32.a(vector31.o)
                0x9fc015e0                __vector_dispatch_31
                0x00000001                ASSERT (((_vector_spacing == 0x0) || (SIZEOF (.vector_31) <= (_vector_spacing << 0x5))), function at exception vector 31 too large)

.vector_32      0x9fc01600        0x8
 *(.vector_32)
 .vector_32     0x9fc01600        0x8 build/default/production/hardware/serial.o
                0x9fc01600                __vector_dispatch_32
                0x00000001                ASSERT (((_vector_spacing == 0x0) || (SIZEOF (.vector_32) <= (_vector_spacing << 0x5))), function at exception vector 32 too large)

.vector_33      0x9fc01620        0x8
 *(.vector_33)
 .vector_33     0x9fc01620        0x8 /Applications/microchip/xc32/v1.32/bin/bin/../../lib/gcc/pic32mx/4.5.2/../../../../pic32mx/lib/libpic32.a(vector33.o)
                0x9fc01620                __vector_dispatch_33
                0x00000001                ASSERT (((_vector_spacing == 0x0) || (SIZEOF (.vector_33) <= (_vector_spacing << 0x5))), function at exception vector 33 too large)

.vector_34      0x9fc01640        0x8
 *(.vector_34)
 .vector_34     0x9fc01640        0x8 /Applications/microchip/xc32/v1.32/bin/bin/../../lib/gcc/pic32mx/4.5.2/../../../../pic32mx/lib/libpic32.a(vector34.o)
                0x9fc01640                __vector_dispatch_34
                0x00000001                ASSERT (((_vector_spacing == 0x0) || (SIZEOF (.vector_34) <= (_vector_spacing << 0x5))), function at exception vector 34 too large)

.vector_35      0x9fc01660        0x8
 *(.vector_35)
 .vector_35     0x9fc01660        0x8 /Applications/microchip/xc32/v1.32/bin/bin/../../lib/gcc/pic32mx/4.5.2/../../../../pic32mx/lib/libpic32.a(vector35.o)
                0x9fc01660                __vector_dispatch_35
                0x00000001                ASSERT (((_vector_spacing == 0x0) || (SIZEOF (.vector_35) <= (_vector_spacing << 0x5))), function at exception vector 35 too large)

.vector_36      0x9fc01680        0x8
 *(.vector_36)
 .vector_36     0x9fc01680        0x8 /Applications/microchip/xc32/v1.32/bin/bin/../../lib/gcc/pic32mx/4.5.2/../../../../pic32mx/lib/libpic32.a(vector36.o)
                0x9fc01680                __vector_dispatch_36
                0x00000001                ASSERT (((_vector_spacing == 0x0) || (SIZEOF (.vector_36) <= (_vector_spacing << 0x5))), function at exception vector 36 too large)

.vector_37      0x9fc016a0        0x8
 *(.vector_37)
 .vector_37     0x9fc016a0        0x8 /Applications/microchip/xc32/v1.32/bin/bin/../../lib/gcc/pic32mx/4.5.2/../../../../pic32mx/lib/libpic32.a(vector37.o)
                0x9fc016a0                __vector_dispatch_37
                0x00000001                ASSERT (((_vector_spacing == 0x0) || (SIZEOF (.vector_37) <= (_vector_spacing << 0x5))), function at exception vector 37 too large)

.vector_38      0x9fc016c0        0x8
 *(.vector_38)
 .vector_38     0x9fc016c0        0x8 /Applications/microchip/xc32/v1.32/bin/bin/../../lib/gcc/pic32mx/4.5.2/../../../../pic32mx/lib/libpic32.a(vector38.o)
                0x9fc016c0                __vector_dispatch_38
                0x00000001                ASSERT (((_vector_spacing == 0x0) || (SIZEOF (.vector_38) <= (_vector_spacing << 0x5))), function at exception vector 38 too large)

.vector_39      0x9fc016e0        0x8
 *(.vector_39)
 .vector_39     0x9fc016e0        0x8 /Applications/microchip/xc32/v1.32/bin/bin/../../lib/gcc/pic32mx/4.5.2/../../../../pic32mx/lib/libpic32.a(vector39.o)
                0x9fc016e0                __vector_dispatch_39
                0x00000001                ASSERT (((_vector_spacing == 0x0) || (SIZEOF (.vector_39) <= (_vector_spacing << 0x5))), function at exception vector 39 too large)

.vector_40      0x9fc01700        0x8
 *(.vector_40)
 .vector_40     0x9fc01700        0x8 /Applications/microchip/xc32/v1.32/bin/bin/../../lib/gcc/pic32mx/4.5.2/../../../../pic32mx/lib/libpic32.a(vector40.o)
                0x9fc01700                __vector_dispatch_40
                0x00000001                ASSERT (((_vector_spacing == 0x0) || (SIZEOF (.vector_40) <= (_vector_spacing << 0x5))), function at exception vector 40 too large)

.vector_41      0x9fc01720        0x8
 *(.vector_41)
 .vector_41     0x9fc01720        0x8 /Applications/microchip/xc32/v1.32/bin/bin/../../lib/gcc/pic32mx/4.5.2/../../../../pic32mx/lib/libpic32.a(vector41.o)
                0x9fc01720                __vector_dispatch_41
                0x00000001                ASSERT (((_vector_spacing == 0x0) || (SIZEOF (.vector_41) <= (_vector_spacing << 0x5))), function at exception vector 41 too large)

.vector_42      0x9fc01740        0x8
 *(.vector_42)
 .vector_42     0x9fc01740        0x8 /Applications/microchip/xc32/v1.32/bin/bin/../../lib/gcc/pic32mx/4.5.2/../../../../pic32mx/lib/libpic32.a(vector42.o)
                0x9fc01740                __vector_dispatch_42
                0x00000001                ASSERT (((_vector_spacing == 0x0) || (SIZEOF (.vector_42) <= (_vector_spacing << 0x5))), function at exception vector 42 too large)

.vector_43      0x9fc01760        0x8
 *(.vector_43)
 .vector_43     0x9fc01760        0x8 /Applications/microchip/xc32/v1.32/bin/bin/../../lib/gcc/pic32mx/4.5.2/../../../../pic32mx/lib/libpic32.a(vector43.o)
                0x9fc01760                __vector_dispatch_43
                0x00000001                ASSERT (((_vector_spacing == 0x0) || (SIZEOF (.vector_43) <= (_vector_spacing << 0x5))), function at exception vector 43 too large)

.vector_44      0x9fc01780        0x8
 *(.vector_44)
 .vector_44     0x9fc01780        0x8 /Applications/microchip/xc32/v1.32/bin/bin/../../lib/gcc/pic32mx/4.5.2/../../../../pic32mx/lib/libpic32.a(vector44.o)
                0x9fc01780                __vector_dispatch_44
                0x00000001                ASSERT (((_vector_spacing == 0x0) || (SIZEOF (.vector_44) <= (_vector_spacing << 0x5))), function at exception vector 44 too large)

.vector_45      0x9fc017a0        0x8
 *(.vector_45)
 .vector_45     0x9fc017a0        0x8 /Applications/microchip/xc32/v1.32/bin/bin/../../lib/gcc/pic32mx/4.5.2/../../../../pic32mx/lib/libpic32.a(vector45.o)
                0x9fc017a0                __vector_dispatch_45
                0x00000001                ASSERT (((_vector_spacing == 0x0) || (SIZEOF (.vector_45) <= (_vector_spacing << 0x5))), function at exception vector 45 too large)

.vector_46      0x9fc017c0        0x8
 *(.vector_46)
 .vector_46     0x9fc017c0        0x8 /Applications/microchip/xc32/v1.32/bin/bin/../../lib/gcc/pic32mx/4.5.2/../../../../pic32mx/lib/libpic32.a(vector46.o)
                0x9fc017c0                __vector_dispatch_46
                0x00000001                ASSERT (((_vector_spacing == 0x0) || (SIZEOF (.vector_46) <= (_vector_spacing << 0x5))), function at exception vector 46 too large)

.vector_47      0x9fc017e0        0x8
 *(.vector_47)
 .vector_47     0x9fc017e0        0x8 /Applications/microchip/xc32/v1.32/bin/bin/../../lib/gcc/pic32mx/4.5.2/../../../../pic32mx/lib/libpic32.a(vector47.o)
                0x9fc017e0                __vector_dispatch_47
                0x00000001                ASSERT (((_vector_spacing == 0x0) || (SIZEOF (.vector_47) <= (_vector_spacing << 0x5))), function at exception vector 47 too large)

.vector_48      0x9fc01800        0x8
 *(.vector_48)
 .vector_48     0x9fc01800        0x8 /Applications/microchip/xc32/v1.32/bin/bin/../../lib/gcc/pic32mx/4.5.2/../../../../pic32mx/lib/libpic32.a(vector48.o)
                0x9fc01800                __vector_dispatch_48
                0x00000001                ASSERT (((_vector_spacing == 0x0) || (SIZEOF (.vector_48) <= (_vector_spacing << 0x5))), function at exception vector 48 too large)

.vector_49      0x9fc01820        0x8
 *(.vector_49)
 .vector_49     0x9fc01820        0x8 /Applications/microchip/xc32/v1.32/bin/bin/../../lib/gcc/pic32mx/4.5.2/../../../../pic32mx/lib/libpic32.a(vector49.o)
                0x9fc01820                __vector_dispatch_49
                0x00000001                ASSERT (((_vector_spacing == 0x0) || (SIZEOF (.vector_49) <= (_vector_spacing << 0x5))), function at exception vector 49 too large)

.vector_50      0x9fc01840        0x8
 *(.vector_50)
 .vector_50     0x9fc01840        0x8 /Applications/microchip/xc32/v1.32/bin/bin/../../lib/gcc/pic32mx/4.5.2/../../../../pic32mx/lib/libpic32.a(vector50.o)
                0x9fc01840                __vector_dispatch_50
                0x00000001                ASSERT (((_vector_spacing == 0x0) || (SIZEOF (.vector_50) <= (_vector_spacing << 0x5))), function at exception vector 50 too large)

.vector_51      0x9fc01860        0x8
 *(.vector_51)
 .vector_51     0x9fc01860        0x8 /Applications/microchip/xc32/v1.32/bin/bin/../../lib/gcc/pic32mx/4.5.2/../../../../pic32mx/lib/libpic32.a(vector51.o)
                0x9fc01860                __vector_dispatch_51
                0x00000001                ASSERT (((_vector_spacing == 0x0) || (SIZEOF (.vector_51) <= (_vector_spacing << 0x5))), function at exception vector 51 too large)

.vector_52      0x9fc01880        0x8
 *(.vector_52)
 .vector_52     0x9fc01880        0x8 /Applications/microchip/xc32/v1.32/bin/bin/../../lib/gcc/pic32mx/4.5.2/../../../../pic32mx/lib/libpic32.a(vector52.o)
                0x9fc01880                __vector_dispatch_52
                0x00000001                ASSERT (((_vector_spacing == 0x0) || (SIZEOF (.vector_52) <= (_vector_spacing << 0x5))), function at exception vector 52 too large)

.vector_53      0x9fc018a0        0x8
 *(.vector_53)
 .vector_53     0x9fc018a0        0x8 /Applications/microchip/xc32/v1.32/bin/bin/../../lib/gcc/pic32mx/4.5.2/../../../../pic32mx/lib/libpic32.a(vector53.o)
                0x9fc018a0                __vector_dispatch_53
                0x00000001                ASSERT (((_vector_spacing == 0x0) || (SIZEOF (.vector_53) <= (_vector_spacing << 0x5))), function at exception vector 53 too large)

.vector_54      0x9fc018c0        0x8
 *(.vector_54)
 .vector_54     0x9fc018c0        0x8 /Applications/microchip/xc32/v1.32/bin/bin/../../lib/gcc/pic32mx/4.5.2/../../../../pic32mx/lib/libpic32.a(vector54.o)
                0x9fc018c0                __vector_dispatch_54
                0x00000001                ASSERT (((_vector_spacing == 0x0) || (SIZEOF (.vector_54) <= (_vector_spacing << 0x5))), function at exception vector 54 too large)

.vector_55      0x9fc018e0        0x8
 *(.vector_55)
 .vector_55     0x9fc018e0        0x8 /Applications/microchip/xc32/v1.32/bin/bin/../../lib/gcc/pic32mx/4.5.2/../../../../pic32mx/lib/libpic32.a(vector55.o)
                0x9fc018e0                __vector_dispatch_55
                0x00000001                ASSERT (((_vector_spacing == 0x0) || (SIZEOF (.vector_55) <= (_vector_spacing << 0x5))), function at exception vector 55 too large)

.vector_56      0x9fc01900        0x8
 *(.vector_56)
 .vector_56     0x9fc01900        0x8 /Applications/microchip/xc32/v1.32/bin/bin/../../lib/gcc/pic32mx/4.5.2/../../../../pic32mx/lib/libpic32.a(vector56.o)
                0x9fc01900                __vector_dispatch_56
                0x00000001                ASSERT (((_vector_spacing == 0x0) || (SIZEOF (.vector_56) <= (_vector_spacing << 0x5))), function at exception vector 56 too large)

.vector_57      0x9fc01920        0x8
 *(.vector_57)
 .vector_57     0x9fc01920        0x8 /Applications/microchip/xc32/v1.32/bin/bin/../../lib/gcc/pic32mx/4.5.2/../../../../pic32mx/lib/libpic32.a(vector57.o)
                0x9fc01920                __vector_dispatch_57
                0x00000001                ASSERT (((_vector_spacing == 0x0) || (SIZEOF (.vector_57) <= (_vector_spacing << 0x5))), function at exception vector 57 too large)

.vector_58      0x9fc01940        0x8
 *(.vector_58)
 .vector_58     0x9fc01940        0x8 /Applications/microchip/xc32/v1.32/bin/bin/../../lib/gcc/pic32mx/4.5.2/../../../../pic32mx/lib/libpic32.a(vector58.o)
                0x9fc01940                __vector_dispatch_58
                0x00000001                ASSERT (((_vector_spacing == 0x0) || (SIZEOF (.vector_58) <= (_vector_spacing << 0x5))), function at exception vector 58 too large)

.vector_59      0x9fc01960        0x8
 *(.vector_59)
 .vector_59     0x9fc01960        0x8 /Applications/microchip/xc32/v1.32/bin/bin/../../lib/gcc/pic32mx/4.5.2/../../../../pic32mx/lib/libpic32.a(vector59.o)
                0x9fc01960                __vector_dispatch_59
                0x00000001                ASSERT (((_vector_spacing == 0x0) || (SIZEOF (.vector_59) <= (_vector_spacing << 0x5))), function at exception vector 59 too large)

.vector_60      0x9fc01980        0x8
 *(.vector_60)
 .vector_60     0x9fc01980        0x8 /Applications/microchip/xc32/v1.32/bin/bin/../../lib/gcc/pic32mx/4.5.2/../../../../pic32mx/lib/libpic32.a(vector60.o)
                0x9fc01980                __vector_dispatch_60
                0x00000001                ASSERT (((_vector_spacing == 0x0) || (SIZEOF (.vector_60) <= (_vector_spacing << 0x5))), function at exception vector 60 too large)

.vector_61      0x9fc019a0        0x8
 *(.vector_61)
 .vector_61     0x9fc019a0        0x8 /Applications/microchip/xc32/v1.32/bin/bin/../../lib/gcc/pic32mx/4.5.2/../../../../pic32mx/lib/libpic32.a(vector61.o)
                0x9fc019a0                __vector_dispatch_61
                0x00000001                ASSERT (((_vector_spacing == 0x0) || (SIZEOF (.vector_61) <= (_vector_spacing << 0x5))), function at exception vector 61 too large)

.vector_62      0x9fc019c0        0x8
 *(.vector_62)
 .vector_62     0x9fc019c0        0x8 /Applications/microchip/xc32/v1.32/bin/bin/../../lib/gcc/pic32mx/4.5.2/../../../../pic32mx/lib/libpic32.a(vector62.o)
                0x9fc019c0                __vector_dispatch_62
                0x00000001                ASSERT (((_vector_spacing == 0x0) || (SIZEOF (.vector_62) <= (_vector_spacing << 0x5))), function at exception vector 62 too large)

.vector_63      0x9fc019e0        0x8
 *(.vector_63)
 .vector_63     0x9fc019e0        0x8 /Applications/microchip/xc32/v1.32/bin/bin/../../lib/gcc/pic32mx/4.5.2/../../../../pic32mx/lib/libpic32.a(vector63.o)
                0x9fc019e0                __vector_dispatch_63
                0x00000001                ASSERT (((_vector_spacing == 0x0) || (SIZEOF (.vector_63) <= (_vector_spacing << 0x5))), function at exception vector 63 too large)

.startup
 *(.startup)

.text           0x9d000000        0x0
 *(.stub .gnu.linkonce.t.*)
 *(.text.*personality*)
 *(.mips16.fn.*)
 *(.mips16.call.*)
 *(.gnu.warning)
                0x9d000000                . = ALIGN (0x4)

.init           0x9d000000        0x0
 *crti.o(.init)
 *crtbegin.o(.init)
 *(EXCLUDE_FILE(*crtn.o *crtend?.o *crtend.o) .init)
 *crtend.o(.init)
 *crtn.o(.init)
                0x9d000000                . = ALIGN (0x4)

.fini           0x9d000000        0x0
 *(.fini)
                0x9d000000                . = ALIGN (0x4)

.preinit_array  0x9d000000        0x0
                0x9d000000                PROVIDE (__preinit_array_start, .)
 *(.preinit_array)
                0x9d000000                PROVIDE (__preinit_array_end, .)
                0x9d000000                . = ALIGN (0x4)

.init_array     0x9d000000        0x0
                0x9d000000                PROVIDE (__init_array_start, .)
 *(SORT(.init_array.*))
 *(.init_array)
                0x9d000000                PROVIDE (__init_array_end, .)
                0x9d000000                . = ALIGN (0x4)

.fini_array     0x9d000000        0x0
                0x9d000000                PROVIDE (__fini_array_start, .)
 *(SORT(.fini_array.*))
 *(.fini_array)
                0x9d000000                PROVIDE (__fini_array_end, .)
                0x9d000000                . = ALIGN (0x4)

.ctors          0x9d000000        0x0
 *crtbegin.o(.ctors)
 *crtbegin?.o(.ctors)
 *(EXCLUDE_FILE(*crtend?.o *crtend.o) .ctors)
 *(SORT(.ctors.*))
 *(.ctors)
                0x9d000000                . = ALIGN (0x4)

.dtors          0x9d000000        0x0
 *crtbegin.o(.dtors)
 *crtbegin?.o(.dtors)
 *(EXCLUDE_FILE(*crtend?.o *crtend.o) .dtors)
 *(SORT(.dtors.*))
 *(.dtors)
                0x9d000000                . = ALIGN (0x4)

.rodata         0x9d000000        0x0
 *(.gnu.linkonce.r.*)
 *(.rodata1)
                0x9d000000                . = ALIGN (0x4)

.sdata2         0x9fc00490        0x0
 *(.sdata2 .sdata2.* .gnu.linkonce.s2.*)
                0x9fc00490                . = ALIGN (0x4)

.sbss2          0x9fc00490        0x0
 *(.sbss2 .sbss2.* .gnu.linkonce.sb2.*)
                0x9fc00490                . = ALIGN (0x4)

.eh_frame_hdr
 *(.eh_frame_hdr)
                0x9fc00490                . = ALIGN (0x4)

.eh_frame
 *(.eh_frame)
                0x9fc00490                . = ALIGN (0x4)

.gcc_except_table
 *(.gcc_except_table .gcc_except_table.*)
                0x9fc00490                . = ALIGN (0x4)

.dbg_data       0xa0000000        0x0
                0xa0000000                . = (. + DEFINED (_DEBUGGER)?0x200:0x0)

.jcr            0xa0000000        0x0
 *(.jcr)
                0xa0000000                . = ALIGN (0x4)

.eh_frame       0xa0000000       0x30
 *(.eh_frame)
 .eh_frame      0xa0000000       0x20 /Applications/microchip/xc32/v1.32/bin/bin/../../lib/gcc/pic32mx/4.5.2/libgcc.a(_udivdi3.o)
 .eh_frame      0xa0000020       0x10 /Applications/microchip/xc32/v1.32/bin/bin/../../lib/gcc/pic32mx/4.5.2/libgcc.a(_umoddi3.o)
                0xa0000030                . = ALIGN (0x4)

.gcc_except_table
 *(.gcc_except_table .gcc_except_table.*)
                0xa0000030                . = ALIGN (0x4)

.persist        0xa0000030        0x0
                0xa0000030                _persist_begin = .
 *(.persist .persist.*)
 *(.pbss .pbss.*)
                0xa0000030                . = ALIGN (0x4)
                0xa0000030                _persist_end = .

.data           0xa0000030        0x0
 *(.gnu.linkonce.d.*)
 *(.data1)
                0xa0000030                . = ALIGN (0x4)
                0xa0000030                . = .
                0xa0008020                _gp = (ALIGN (0x10) + 0x7ff0)

.got            0xa0000030        0x0
 *(.got.plt)
 *(.got)
                0xa0000030                . = ALIGN (0x4)

.sdata          0xa0000030       0x8c
                0xa0000030                _sdata_begin = .
 *(.sdata .sdata.* .gnu.linkonce.s.*)
 .sdata         0xa0000030        0xc build/default/production/ES_Files/ES_CheckEvents.o
 .sdata         0xa000003c        0x8 build/default/production/ES_Files/ES_Framework.o
 .sdata         0xa0000044        0x8 build/default/production/ES_Files/ES_PostList.o
 .sdata         0xa000004c        0x8 build/default/production/ES_Files/ES_Timers.o
 .sdata         0xa0000054       0x24 build/default/production/FSMs/BotFrameworkEvents.o
 .sdata         0xa0000078       0x18 build/default/production/FSMs/Motor_X_FSM.o
 .sdata         0xa0000090       0x14 build/default/production/FSMs/Motor_Y_FSM.o
 .sdata         0xa00000a4        0x8 build/default/production/hardware/AD.o
 .sdata         0xa00000ac        0x8 build/default/production/hardware/RC_Servo.o
 .sdata         0xa00000b4        0x4 build/default/production/hardware/Stepper.o
 .sdata         0xa00000b8        0x4 /Applications/microchip/xc32/v1.32/bin/bin/../../lib/gcc/pic32mx/4.5.2/../../../../pic32mx/lib/libc.a(_iob.o)
                0xa00000b8                _Files
                0xa00000bc                . = ALIGN (0x4)
                0xa00000bc                _sdata_end = .

.lit8
 *(.lit8)

.lit4
 *(.lit4)
                0xa00000bc                . = ALIGN (0x4)
                0xa00000bc                _data_end = .
                0xa00000bc                _bss_begin = .

.sbss           0xa00000bc      0x3c4
                0xa00000bc                _sbss_begin = .
 *(.dynsbss)
 *(.sbss .sbss.* .gnu.linkonce.sb.*)
 .sbss          0xa00000bc       0x38 build/default/production/ES_Files/ES_CheckEvents.o
 .sbss          0xa00000f4       0x10 build/default/production/ES_Files/ES_Framework.o
 .sbss          0xa0000104        0x1 build/default/production/ES_Files/ES_KeyboardInput.o
 *fill*         0xa0000105        0x3 
 .sbss          0xa0000108        0x8 build/default/production/ES_Files/ES_PostList.o
 .sbss          0xa0000110       0x38 build/default/production/ES_Files/ES_Timers.o
 .sbss          0xa0000148        0x1 build/default/production/ES_Files/ES_TimerService.o
 *fill*         0xa0000149        0x3 
 .sbss          0xa000014c       0x2c build/default/production/FSMs/Bot.o
                0xa0000158                temp
                0xa0000159                i
                0xa0000164                hammingWeight
                0xa0000168                parityBit
 .sbss          0xa0000178       0xac build/default/production/FSMs/BotFrameworkEvents.o
 .sbss          0xa0000224       0x98 build/default/production/FSMs/Motor_X_FSM.o
                0xa00002ac                initialX
 .sbss          0xa00002bc       0x98 build/default/production/FSMs/Motor_Y_FSM.o
                0xa0000318                yDirection
                0xa0000319                lastYDirection
                0xa000032c                initialY
 .sbss          0xa0000354       0x48 build/default/production/FSMs/Servo_Azimuth_FSM.o
 .sbss          0xa000039c       0x28 build/default/production/hardware/AD.o
 .sbss          0xa00003c4        0x4 build/default/production/hardware/dee_emulation_pic32.o
                0xa00003c4                lowerAddress
 .sbss          0xa00003c8        0x2 build/default/production/hardware/LED.o
 *fill*         0xa00003ca        0x2 
 .sbss          0xa00003cc       0x10 build/default/production/hardware/pwm.o
 .sbss          0xa00003dc       0x14 build/default/production/hardware/RC_Servo.o
                0xa00003dc                RCenabled
 .sbss          0xa00003f0        0xc build/default/production/hardware/serial.o
 .sbss          0xa00003fc       0x5c build/default/production/hardware/Stepper.o
                0xa0000448                motorStates
                0xa0000450                coilStates
 .sbss          0xa0000458        0x1 /Applications/microchip/xc32/v1.32/bin/bin/../../lib/gcc/pic32mx/4.5.2/../../../../pic32mx/lib/libc.a(_iob.o)
                0xa0000458                _outdone
 *(.scommon)
 *fill*         0xa0000459        0x3 
 .scommon       0xa000045c       0x14 build/default/production/ES_Files/ES_Framework.o
                0xa000045c                receiveBuffer2
                0xa0000460                transmitBuffer2
                0xa0000464                transmitBuffer
                0xa0000468                Ready
                0xa000046c                receiveBuffer
 .scommon       0xa0000470        0x0 build/default/production/ES_Files/ES_KeyboardInput.o
 .scommon       0xa0000470        0x0 build/default/production/ES_Files/ES_TattleTale.o
 .scommon       0xa0000470        0x4 build/default/production/FSMs/Bot.o
                0xa0000470                actualClock
 .scommon       0xa0000474        0x0 build/default/production/FSMs/BotFrameworkEvents.o
 .scommon       0xa0000474        0x0 build/default/production/FSMs/BotMain.o
 .scommon       0xa0000474        0x0 build/default/production/FSMs/Motor_X_FSM.o
 .scommon       0xa0000474        0x0 build/default/production/FSMs/Motor_Y_FSM.o
 .scommon       0xa0000474        0x8 build/default/production/FSMs/Servo_Azimuth_FSM.o
                0xa0000474                MemEventAz
 .scommon       0xa000047c        0x0 build/default/production/hardware/AD.o
 .scommon       0xa000047c        0x0 build/default/production/hardware/BOARD.o
 .scommon       0xa000047c        0x4 build/default/production/hardware/dee_emulation_pic32.o
                0xa000047c                dataEEFlags
 .scommon       0xa0000480        0x0 build/default/production/hardware/IO_Ports.o
 .scommon       0xa0000480        0x0 build/default/production/hardware/LED.o
 .scommon       0xa0000480        0x0 build/default/production/hardware/RC_Servo.o
 .scommon       0xa0000480        0x0 build/default/production/hardware/serial.o
 .scommon       0xa0000480        0x0 build/default/production/hardware/Stepper.o
                0xa0000480                _sbss_end = .
                0xa0000480                . = ALIGN (0x4)

.bss            0xa0000480     0x1040
 *(.dynbss)
 *(COMMON)
 COMMON         0xa0000480     0x1040 build/default/production/ES_Files/ES_Framework.o
                0xa0000480                outgoingUart
                0xa0000890                incomingUart2
                0xa0000ca0                incomingUart
                0xa00010b0                outgoingUart2
                0xa00014c0                . = ALIGN ((. != 0x0)?0x4:0x1)
                0xa00014c0                . = ALIGN (0x4)
                0xa00014c0                _end = .
                0xa00014c0                _bss_end = .
                0x00004000                _bmxdudba_address = 0x4000
                0x00004000                _bmxdupba_address = 0x4000

/DISCARD/
 *(.pdr)
 *(.rel.dyn)
 *(.note.GNU-stack)
 *(.note.GNU-stack)
 *(.gnu_debuglink)
 *(.gnu.lto_*)
 *(.discard)

.gptab.sdata
 *(.gptab.data)
 *(.gptab.sdata)

.gptab.sbss
 *(.gptab.bss)
 *(.gptab.sbss)

.mdebug.abi32   0xa00014c0        0x0
 *(.mdebug.abi32)
 .mdebug.abi32  0xa00014c0        0x0 build/default/production/ES_Files/ES_CheckEvents.o
 .mdebug.abi32  0xa00014c0        0x0 build/default/production/ES_Files/ES_Framework.o
 .mdebug.abi32  0xa00014c0        0x0 build/default/production/ES_Files/ES_KeyboardInput.o
 .mdebug.abi32  0xa00014c0        0x0 build/default/production/ES_Files/ES_LookupTables.o
 .mdebug.abi32  0xa00014c0        0x0 build/default/production/ES_Files/ES_PostList.o
 .mdebug.abi32  0xa00014c0        0x0 build/default/production/ES_Files/ES_Queue.o
 .mdebug.abi32  0xa00014c0        0x0 build/default/production/ES_Files/ES_TattleTale.o
 .mdebug.abi32  0xa00014c0        0x0 build/default/production/ES_Files/ES_Timers.o
 .mdebug.abi32  0xa00014c0        0x0 build/default/production/ES_Files/ES_TimerService.o
 .mdebug.abi32  0xa00014c0        0x0 build/default/production/FSMs/Bot.o
 .mdebug.abi32  0xa00014c0        0x0 build/default/production/FSMs/BotFrameworkEvents.o
 .mdebug.abi32  0xa00014c0        0x0 build/default/production/FSMs/BotMain.o
 .mdebug.abi32  0xa00014c0        0x0 build/default/production/FSMs/Motor_X_FSM.o
 .mdebug.abi32  0xa00014c0        0x0 build/default/production/FSMs/Motor_Y_FSM.o
 .mdebug.abi32  0xa00014c0        0x0 build/default/production/FSMs/Servo_Azimuth_FSM.o
 .mdebug.abi32  0xa00014c0        0x0 build/default/production/hardware/AD.o
 .mdebug.abi32  0xa00014c0        0x0 build/default/production/hardware/BOARD.o
 .mdebug.abi32  0xa00014c0        0x0 build/default/production/hardware/dee_emulation_pic32.o
 .mdebug.abi32  0xa00014c0        0x0 build/default/production/hardware/IO_Ports.o
 .mdebug.abi32  0xa00014c0        0x0 build/default/production/hardware/LED.o
 .mdebug.abi32  0xa00014c0        0x0 build/default/production/hardware/pwm.o
 .mdebug.abi32  0xa00014c0        0x0 build/default/production/hardware/RC_Servo.o
 .mdebug.abi32  0xa00014c0        0x0 build/default/production/hardware/serial.o
 .mdebug.abi32  0xa00014c0        0x0 build/default/production/hardware/Stepper.o
 .mdebug.abi32  0xa00014c0        0x0 /Applications/microchip/xc32/v1.32/bin/bin/../../lib/gcc/pic32mx/4.5.2/../../../../pic32mx/lib/libmchp_peripheral_32MX320F128H.a(int_configure_system_lib.o)
 .mdebug.abi32  0xa00014c0        0x0 /Applications/microchip/xc32/v1.32/bin/bin/../../lib/gcc/pic32mx/4.5.2/../../../../pic32mx/lib/libmchp_peripheral_32MX320F128H.a(int_enable_interrupts_lib.o)
 .mdebug.abi32  0xa00014c0        0x0 /Applications/microchip/xc32/v1.32/bin/bin/../../lib/gcc/pic32mx/4.5.2/../../../../pic32mx/lib/libmchp_peripheral_32MX320F128H.a(int_tbl_lib.o)
 .mdebug.abi32  0xa00014c0        0x0 /Applications/microchip/xc32/v1.32/bin/bin/../../lib/gcc/pic32mx/4.5.2/../../../../pic32mx/lib/libmchp_peripheral_32MX320F128H.a(nvm_erase_page_lib.o)
 .mdebug.abi32  0xa00014c0        0x0 /Applications/microchip/xc32/v1.32/bin/bin/../../lib/gcc/pic32mx/4.5.2/../../../../pic32mx/lib/libmchp_peripheral_32MX320F128H.a(nvm_operation_lib.o)
 .mdebug.abi32  0xa00014c0        0x0 /Applications/microchip/xc32/v1.32/bin/bin/../../lib/gcc/pic32mx/4.5.2/../../../../pic32mx/lib/libmchp_peripheral_32MX320F128H.a(nvm_write_word_lib.o)
 .mdebug.abi32  0xa00014c0        0x0 /Applications/microchip/xc32/v1.32/bin/bin/../../lib/gcc/pic32mx/4.5.2/../../../../pic32mx/lib/libmchp_peripheral_32MX320F128H.a(port_set_pins_digital_in_lib.o)
 .mdebug.abi32  0xa00014c0        0x0 /Applications/microchip/xc32/v1.32/bin/bin/../../lib/gcc/pic32mx/4.5.2/../../../../pic32mx/lib/libmchp_peripheral_32MX320F128H.a(_ports_tbl_libp.o)
 .mdebug.abi32  0xa00014c0        0x0 /Applications/microchip/xc32/v1.32/bin/bin/../../lib/gcc/pic32mx/4.5.2/../../../../pic32mx/lib/libmchp_peripheral_32MX320F128H.a(uart_lib.o)
 .mdebug.abi32  0xa00014c0        0x0 /Applications/microchip/xc32/v1.32/bin/bin/../../lib/gcc/pic32mx/4.5.2/../../../../pic32mx/lib/libmchp_peripheral_32MX320F128H.a(int_disable_interrupts_lib.o)
 .mdebug.abi32  0xa00014c0        0x0 /Applications/microchip/xc32/v1.32/bin/bin/../../lib/gcc/pic32mx/4.5.2/../../../../pic32mx/lib/libmchp_peripheral_32MX320F128H.a(int_restore_interrupts_lib.o)
 .mdebug.abi32  0xa00014c0        0x0 /Applications/microchip/xc32/v1.32/bin/bin/../../lib/gcc/pic32mx/4.5.2/libgcc.a(floatunsisf.o)
 .mdebug.abi32  0xa00014c0        0x0 /Applications/microchip/xc32/v1.32/bin/bin/../../lib/gcc/pic32mx/4.5.2/../../../../pic32mx/lib/libpic32.a(default-bootstrap-exception-handler.o)
 .mdebug.abi32  0xa00014c0        0x0 /Applications/microchip/xc32/v1.32/bin/bin/../../lib/gcc/pic32mx/4.5.2/../../../../pic32mx/lib/libpic32.a(default-on-reset.o)
 .mdebug.abi32  0xa00014c0        0x0 /Applications/microchip/xc32/v1.32/bin/bin/../../lib/gcc/pic32mx/4.5.2/../../../../pic32mx/lib/libpic32.a(default-on-bootstrap.o)
 .mdebug.abi32  0xa00014c0        0x0 /Applications/microchip/xc32/v1.32/bin/bin/../../lib/gcc/pic32mx/4.5.2/../../../../pic32mx/lib/libpic32.a(default-general-exception-handler.o)
 .mdebug.abi32  0xa00014c0        0x0 /Applications/microchip/xc32/v1.32/bin/bin/../../lib/gcc/pic32mx/4.5.2/../../../../pic32mx/lib/libpic32.a(defaultinterrupt.o)
 .mdebug.abi32  0xa00014c0        0x0 /Applications/microchip/xc32/v1.32/bin/bin/../../lib/gcc/pic32mx/4.5.2/../../../../pic32mx/lib/libc.a(puts.o)
 .mdebug.abi32  0xa00014c0        0x0 /Applications/microchip/xc32/v1.32/bin/bin/../../lib/gcc/pic32mx/4.5.2/../../../../pic32mx/lib/libc.a(printf_cdnopuxX.eo)
 .mdebug.abi32  0xa00014c0        0x0 /Applications/microchip/xc32/v1.32/bin/bin/../../lib/gcc/pic32mx/4.5.2/../../../../pic32mx/lib/libc.a(printf_s.eo)
 .mdebug.abi32  0xa00014c0        0x0 /Applications/microchip/xc32/v1.32/bin/bin/../../lib/gcc/pic32mx/4.5.2/../../../../pic32mx/lib/libc.a(_iob.o)
 .mdebug.abi32  0xa00014c0        0x0 /Applications/microchip/xc32/v1.32/bin/bin/../../lib/gcc/pic32mx/4.5.2/../../../../pic32mx/lib/libc.a(_fputc_simple.o)
 .mdebug.abi32  0xa00014c0        0x0 /Applications/microchip/xc32/v1.32/bin/bin/../../lib/gcc/pic32mx/4.5.2/../../../../pic32mx/lib/libc.a(_flsbuf_simple.o)
 .mdebug.abi32  0xa00014c0        0x0 /Applications/microchip/xc32/v1.32/bin/bin/../../lib/gcc/pic32mx/4.5.2/../../../../pic32mx/lib/libc.a(ctype.o)
 .mdebug.abi32  0xa00014c0        0x0 /Applications/microchip/xc32/v1.32/bin/bin/../../lib/gcc/pic32mx/4.5.2/../../../../pic32mx/lib/libpic32.a(write.o)
 .mdebug.abi32  0xa00014c0        0x0 /Applications/microchip/xc32/v1.32/bin/bin/../../lib/gcc/pic32mx/4.5.2/libgcc.a(_udivdi3.o)
 .mdebug.abi32  0xa00014c0        0x0 /Applications/microchip/xc32/v1.32/bin/bin/../../lib/gcc/pic32mx/4.5.2/libgcc.a(_umoddi3.o)
 .mdebug.abi32  0xa00014c0        0x0 /Applications/microchip/xc32/v1.32/bin/bin/../../lib/gcc/pic32mx/4.5.2/../../../../pic32mx/lib/libc.a(doprnt_cdnopsuxX.eo)

.mdebug.abiN32
 *(.mdebug.abiN32)

.mdebug.abi64
 *(.mdebug.abi64)

.mdebug.abiO64
 *(.mdebug.abiO64)

.mdebug.eabi32
 *(.mdebug.eabi32)

.mdebug.eabi64
 *(.mdebug.eabi64)

.gcc_compiled_long32
 *(.gcc_compiled_long32)

.gcc_compiled_long64
 *(.gcc_compiled_long64)

.stab
 *(.stab)

.stabstr
 *(.stabstr)

.stab.excl
 *(.stab.excl)

.stab.exclstr
 *(.stab.exclstr)

.stab.index
 *(.stab.index)

.stab.indexstr
 *(.stab.indexstr)

.comment        0x00000000       0xc6
 *(.comment)
 .comment       0x00000000       0x3c build/default/production/ES_Files/ES_CheckEvents.o
                                 0x3d (size before relaxing)
 .comment       0x00000000       0x3d build/default/production/ES_Files/ES_Framework.o
 .comment       0x00000000       0x3d build/default/production/ES_Files/ES_KeyboardInput.o
 .comment       0x00000000       0x3d build/default/production/ES_Files/ES_LookupTables.o
 .comment       0x00000000       0x3d build/default/production/ES_Files/ES_PostList.o
 .comment       0x00000000       0x3d build/default/production/ES_Files/ES_Queue.o
 .comment       0x00000000       0x3d build/default/production/ES_Files/ES_TattleTale.o
 .comment       0x00000000       0x3d build/default/production/ES_Files/ES_Timers.o
 .comment       0x00000000       0x3d build/default/production/ES_Files/ES_TimerService.o
 .comment       0x00000000       0x3d build/default/production/FSMs/Bot.o
 .comment       0x00000000       0x3d build/default/production/FSMs/BotFrameworkEvents.o
 .comment       0x00000000       0x3d build/default/production/FSMs/BotMain.o
 .comment       0x00000000       0x3d build/default/production/FSMs/Motor_X_FSM.o
 .comment       0x00000000       0x3d build/default/production/FSMs/Motor_Y_FSM.o
 .comment       0x00000000       0x3d build/default/production/FSMs/Servo_Azimuth_FSM.o
 .comment       0x00000000       0x3d build/default/production/hardware/AD.o
 .comment       0x00000000       0x3d build/default/production/hardware/BOARD.o
 .comment       0x00000000       0x3d build/default/production/hardware/dee_emulation_pic32.o
 .comment       0x00000000       0x3d build/default/production/hardware/IO_Ports.o
 .comment       0x00000000       0x3d build/default/production/hardware/LED.o
 .comment       0x00000000       0x3d build/default/production/hardware/pwm.o
 .comment       0x00000000       0x3d build/default/production/hardware/RC_Servo.o
 .comment       0x00000000       0x3d build/default/production/hardware/serial.o
 .comment       0x00000000       0x3d build/default/production/hardware/Stepper.o
 .comment       0x0000003c       0x3c /Applications/microchip/xc32/v1.32/bin/bin/../../lib/gcc/pic32mx/4.5.2/../../../../pic32mx/lib/libmchp_peripheral_32MX320F128H.a(int_configure_system_lib.o)
                                 0x3d (size before relaxing)
 .comment       0x00000000       0x3d /Applications/microchip/xc32/v1.32/bin/bin/../../lib/gcc/pic32mx/4.5.2/../../../../pic32mx/lib/libmchp_peripheral_32MX320F128H.a(int_enable_interrupts_lib.o)
 .comment       0x00000000       0x3d /Applications/microchip/xc32/v1.32/bin/bin/../../lib/gcc/pic32mx/4.5.2/../../../../pic32mx/lib/libmchp_peripheral_32MX320F128H.a(int_tbl_lib.o)
 .comment       0x00000000       0x3d /Applications/microchip/xc32/v1.32/bin/bin/../../lib/gcc/pic32mx/4.5.2/../../../../pic32mx/lib/libmchp_peripheral_32MX320F128H.a(nvm_erase_page_lib.o)
 .comment       0x00000000       0x3d /Applications/microchip/xc32/v1.32/bin/bin/../../lib/gcc/pic32mx/4.5.2/../../../../pic32mx/lib/libmchp_peripheral_32MX320F128H.a(nvm_operation_lib.o)
 .comment       0x00000000       0x3d /Applications/microchip/xc32/v1.32/bin/bin/../../lib/gcc/pic32mx/4.5.2/../../../../pic32mx/lib/libmchp_peripheral_32MX320F128H.a(nvm_write_word_lib.o)
 .comment       0x00000000       0x3d /Applications/microchip/xc32/v1.32/bin/bin/../../lib/gcc/pic32mx/4.5.2/../../../../pic32mx/lib/libmchp_peripheral_32MX320F128H.a(port_set_pins_digital_in_lib.o)
 .comment       0x00000000       0x3d /Applications/microchip/xc32/v1.32/bin/bin/../../lib/gcc/pic32mx/4.5.2/../../../../pic32mx/lib/libmchp_peripheral_32MX320F128H.a(_ports_tbl_libp.o)
 .comment       0x00000000       0x3d /Applications/microchip/xc32/v1.32/bin/bin/../../lib/gcc/pic32mx/4.5.2/../../../../pic32mx/lib/libmchp_peripheral_32MX320F128H.a(uart_lib.o)
 .comment       0x00000000       0x3d /Applications/microchip/xc32/v1.32/bin/bin/../../lib/gcc/pic32mx/4.5.2/../../../../pic32mx/lib/libmchp_peripheral_32MX320F128H.a(int_disable_interrupts_lib.o)
 .comment       0x00000000       0x3d /Applications/microchip/xc32/v1.32/bin/bin/../../lib/gcc/pic32mx/4.5.2/../../../../pic32mx/lib/libmchp_peripheral_32MX320F128H.a(int_restore_interrupts_lib.o)
 .comment       0x00000000       0x3d /Applications/microchip/xc32/v1.32/bin/bin/../../lib/gcc/pic32mx/4.5.2/libgcc.a(floatunsisf.o)
 .comment       0x00000000       0x3d /Applications/microchip/xc32/v1.32/bin/bin/../../lib/gcc/pic32mx/4.5.2/../../../../pic32mx/lib/libpic32.a(default-bootstrap-exception-handler.o)
 .comment       0x00000000       0x3d /Applications/microchip/xc32/v1.32/bin/bin/../../lib/gcc/pic32mx/4.5.2/../../../../pic32mx/lib/libpic32.a(default-on-reset.o)
 .comment       0x00000000       0x3d /Applications/microchip/xc32/v1.32/bin/bin/../../lib/gcc/pic32mx/4.5.2/../../../../pic32mx/lib/libpic32.a(default-on-bootstrap.o)
 .comment       0x00000000       0x3d /Applications/microchip/xc32/v1.32/bin/bin/../../lib/gcc/pic32mx/4.5.2/../../../../pic32mx/lib/libpic32.a(default-general-exception-handler.o)
 .comment       0x00000000       0x3d /Applications/microchip/xc32/v1.32/bin/bin/../../lib/gcc/pic32mx/4.5.2/../../../../pic32mx/lib/libpic32.a(defaultinterrupt.o)
 .comment       0x00000000       0x3d /Applications/microchip/xc32/v1.32/bin/bin/../../lib/gcc/pic32mx/4.5.2/../../../../pic32mx/lib/libc.a(puts.o)
 .comment       0x00000000       0x3d /Applications/microchip/xc32/v1.32/bin/bin/../../lib/gcc/pic32mx/4.5.2/../../../../pic32mx/lib/libc.a(printf_cdnopuxX.eo)
 .comment       0x00000000       0x3d /Applications/microchip/xc32/v1.32/bin/bin/../../lib/gcc/pic32mx/4.5.2/../../../../pic32mx/lib/libc.a(printf_s.eo)
 .comment       0x00000000       0x3d /Applications/microchip/xc32/v1.32/bin/bin/../../lib/gcc/pic32mx/4.5.2/../../../../pic32mx/lib/libc.a(_iob.o)
 .comment       0x00000000       0x3d /Applications/microchip/xc32/v1.32/bin/bin/../../lib/gcc/pic32mx/4.5.2/../../../../pic32mx/lib/libc.a(_fputc_simple.o)
 .comment       0x00000000       0x3d /Applications/microchip/xc32/v1.32/bin/bin/../../lib/gcc/pic32mx/4.5.2/../../../../pic32mx/lib/libc.a(_flsbuf_simple.o)
 .comment       0x00000078       0x4e /Applications/microchip/xc32/v1.32/bin/bin/../../lib/gcc/pic32mx/4.5.2/../../../../pic32mx/lib/libc.a(ctype.o)
                                 0x8b (size before relaxing)
 .comment       0x00000000       0x3d /Applications/microchip/xc32/v1.32/bin/bin/../../lib/gcc/pic32mx/4.5.2/../../../../pic32mx/lib/libpic32.a(write.o)
 .comment       0x00000000       0x3d /Applications/microchip/xc32/v1.32/bin/bin/../../lib/gcc/pic32mx/4.5.2/libgcc.a(_udivdi3.o)
 .comment       0x00000000       0x3d /Applications/microchip/xc32/v1.32/bin/bin/../../lib/gcc/pic32mx/4.5.2/libgcc.a(_umoddi3.o)
 .comment       0x00000000       0x3d /Applications/microchip/xc32/v1.32/bin/bin/../../lib/gcc/pic32mx/4.5.2/../../../../pic32mx/lib/libc.a(doprnt_cdnopsuxX.eo)

.debug
 *(.debug)

.line
 *(.line)

.debug_srcinfo
 *(.debug_srcinfo)

.debug_sfnames
 *(.debug_sfnames)

.debug_aranges  0x00000000      0x640
 *(.debug_aranges)
 .debug_aranges
                0x00000000       0x20 build/default/production/ES_Files/ES_CheckEvents.o
 .debug_aranges
                0x00000020       0x20 build/default/production/ES_Files/ES_Framework.o
 .debug_aranges
                0x00000040       0x20 build/default/production/ES_Files/ES_KeyboardInput.o
 .debug_aranges
                0x00000060       0x20 build/default/production/ES_Files/ES_Queue.o
 .debug_aranges
                0x00000080       0x20 build/default/production/ES_Files/ES_Timers.o
 .debug_aranges
                0x000000a0       0x20 build/default/production/ES_Files/ES_TimerService.o
 .debug_aranges
                0x000000c0       0x20 build/default/production/FSMs/Bot.o
 .debug_aranges
                0x000000e0       0x20 build/default/production/FSMs/BotFrameworkEvents.o
 .debug_aranges
                0x00000100       0x20 build/default/production/FSMs/BotMain.o
 .debug_aranges
                0x00000120       0x20 build/default/production/FSMs/Motor_X_FSM.o
 .debug_aranges
                0x00000140       0x20 build/default/production/FSMs/Motor_Y_FSM.o
 .debug_aranges
                0x00000160       0x20 build/default/production/FSMs/Servo_Azimuth_FSM.o
 .debug_aranges
                0x00000180       0x20 build/default/production/hardware/AD.o
 .debug_aranges
                0x000001a0       0x20 build/default/production/hardware/BOARD.o
 .debug_aranges
                0x000001c0       0x20 build/default/production/hardware/dee_emulation_pic32.o
 .debug_aranges
                0x000001e0       0x20 build/default/production/hardware/IO_Ports.o
 .debug_aranges
                0x00000200       0x20 build/default/production/hardware/LED.o
 .debug_aranges
                0x00000220       0x20 build/default/production/hardware/pwm.o
 .debug_aranges
                0x00000240       0x20 build/default/production/hardware/RC_Servo.o
 .debug_aranges
                0x00000260       0x20 build/default/production/hardware/serial.o
 .debug_aranges
                0x00000280       0x20 build/default/production/hardware/Stepper.o
 .debug_aranges
                0x000002a0       0x20 /Applications/microchip/xc32/v1.32/bin/bin/../../lib/gcc/pic32mx/4.5.2/../../../../pic32mx/lib/libmchp_peripheral_32MX320F128H.a(int_configure_system_lib.o)
 .debug_aranges
                0x000002c0       0x20 /Applications/microchip/xc32/v1.32/bin/bin/../../lib/gcc/pic32mx/4.5.2/../../../../pic32mx/lib/libmchp_peripheral_32MX320F128H.a(int_enable_interrupts_lib.o)
 .debug_aranges
                0x000002e0       0x60 /Applications/microchip/xc32/v1.32/bin/bin/../../lib/gcc/pic32mx/4.5.2/../../../../pic32mx/lib/libmchp_peripheral_32MX320F128H.a(int_tbl_lib.o)
 .debug_aranges
                0x00000340       0x20 /Applications/microchip/xc32/v1.32/bin/bin/../../lib/gcc/pic32mx/4.5.2/../../../../pic32mx/lib/libmchp_peripheral_32MX320F128H.a(nvm_erase_page_lib.o)
 .debug_aranges
                0x00000360       0x20 /Applications/microchip/xc32/v1.32/bin/bin/../../lib/gcc/pic32mx/4.5.2/../../../../pic32mx/lib/libmchp_peripheral_32MX320F128H.a(nvm_operation_lib.o)
 .debug_aranges
                0x00000380       0x20 /Applications/microchip/xc32/v1.32/bin/bin/../../lib/gcc/pic32mx/4.5.2/../../../../pic32mx/lib/libmchp_peripheral_32MX320F128H.a(nvm_write_word_lib.o)
 .debug_aranges
                0x000003a0       0x20 /Applications/microchip/xc32/v1.32/bin/bin/../../lib/gcc/pic32mx/4.5.2/../../../../pic32mx/lib/libmchp_peripheral_32MX320F128H.a(port_set_pins_digital_in_lib.o)
 .debug_aranges
                0x000003c0       0x58 /Applications/microchip/xc32/v1.32/bin/bin/../../lib/gcc/pic32mx/4.5.2/../../../../pic32mx/lib/libmchp_peripheral_32MX320F128H.a(uart_lib.o)
 .debug_aranges
                0x00000418       0x20 /Applications/microchip/xc32/v1.32/bin/bin/../../lib/gcc/pic32mx/4.5.2/../../../../pic32mx/lib/libmchp_peripheral_32MX320F128H.a(int_disable_interrupts_lib.o)
 .debug_aranges
                0x00000438       0x20 /Applications/microchip/xc32/v1.32/bin/bin/../../lib/gcc/pic32mx/4.5.2/../../../../pic32mx/lib/libmchp_peripheral_32MX320F128H.a(int_restore_interrupts_lib.o)
 .debug_aranges
                0x00000458       0x20 /Applications/microchip/xc32/v1.32/bin/bin/../../lib/gcc/pic32mx/4.5.2/libgcc.a(floatunsisf.o)
 .debug_aranges
                0x00000478       0x20 /Applications/microchip/xc32/v1.32/bin/bin/../../lib/gcc/pic32mx/4.5.2/../../../../pic32mx/lib/libpic32.a(default-bootstrap-exception-handler.o)
 .debug_aranges
                0x00000498       0x20 /Applications/microchip/xc32/v1.32/bin/bin/../../lib/gcc/pic32mx/4.5.2/../../../../pic32mx/lib/libpic32.a(default-on-reset.o)
 .debug_aranges
                0x000004b8       0x20 /Applications/microchip/xc32/v1.32/bin/bin/../../lib/gcc/pic32mx/4.5.2/../../../../pic32mx/lib/libpic32.a(default-on-bootstrap.o)
 .debug_aranges
                0x000004d8       0x20 /Applications/microchip/xc32/v1.32/bin/bin/../../lib/gcc/pic32mx/4.5.2/../../../../pic32mx/lib/libpic32.a(default-general-exception-handler.o)
 .debug_aranges
                0x000004f8       0x20 /Applications/microchip/xc32/v1.32/bin/bin/../../lib/gcc/pic32mx/4.5.2/../../../../pic32mx/lib/libpic32.a(defaultinterrupt.o)
 .debug_aranges
                0x00000518       0x28 /Applications/microchip/xc32/v1.32/bin/bin/../../lib/gcc/pic32mx/4.5.2/../../../../pic32mx/lib/libc.a(puts.o)
 .debug_aranges
                0x00000540       0x20 /Applications/microchip/xc32/v1.32/bin/bin/../../lib/gcc/pic32mx/4.5.2/../../../../pic32mx/lib/libc.a(printf_cdnopuxX.eo)
 .debug_aranges
                0x00000560       0x20 /Applications/microchip/xc32/v1.32/bin/bin/../../lib/gcc/pic32mx/4.5.2/../../../../pic32mx/lib/libc.a(printf_s.eo)
 .debug_aranges
                0x00000580       0x20 /Applications/microchip/xc32/v1.32/bin/bin/../../lib/gcc/pic32mx/4.5.2/../../../../pic32mx/lib/libc.a(_fputc_simple.o)
 .debug_aranges
                0x000005a0       0x20 /Applications/microchip/xc32/v1.32/bin/bin/../../lib/gcc/pic32mx/4.5.2/../../../../pic32mx/lib/libc.a(_flsbuf_simple.o)
 .debug_aranges
                0x000005c0       0x20 /Applications/microchip/xc32/v1.32/bin/bin/../../lib/gcc/pic32mx/4.5.2/../../../../pic32mx/lib/libpic32.a(write.o)
 .debug_aranges
                0x000005e0       0x20 /Applications/microchip/xc32/v1.32/bin/bin/../../lib/gcc/pic32mx/4.5.2/libgcc.a(_udivdi3.o)
 .debug_aranges
                0x00000600       0x20 /Applications/microchip/xc32/v1.32/bin/bin/../../lib/gcc/pic32mx/4.5.2/libgcc.a(_umoddi3.o)
 .debug_aranges
                0x00000620       0x20 /Applications/microchip/xc32/v1.32/bin/bin/../../lib/gcc/pic32mx/4.5.2/../../../../pic32mx/lib/libc.a(doprnt_cdnopsuxX.eo)

.debug_pubnames
                0x00000000     0x1e5b
 *(.debug_pubnames)
 .debug_pubnames
                0x00000000       0x29 build/default/production/ES_Files/ES_CheckEvents.o
 .debug_pubnames
                0x00000029       0xef build/default/production/ES_Files/ES_Framework.o
 .debug_pubnames
                0x00000118      0x103 build/default/production/ES_Files/ES_KeyboardInput.o
 .debug_pubnames
                0x0000021b       0x4a build/default/production/ES_Files/ES_LookupTables.o
 .debug_pubnames
                0x00000265       0x59 build/default/production/ES_Files/ES_Queue.o
 .debug_pubnames
                0x000002be       0xa4 build/default/production/ES_Files/ES_TattleTale.o
 .debug_pubnames
                0x00000362       0xaa build/default/production/ES_Files/ES_Timers.o
 .debug_pubnames
                0x0000040c       0x9e build/default/production/ES_Files/ES_TimerService.o
 .debug_pubnames
                0x000004aa      0x17a build/default/production/FSMs/Bot.o
 .debug_pubnames
                0x00000624      0x15e build/default/production/FSMs/BotFrameworkEvents.o
 .debug_pubnames
                0x00000782       0xad build/default/production/FSMs/BotMain.o
 .debug_pubnames
                0x0000082f      0x15b build/default/production/FSMs/Motor_X_FSM.o
 .debug_pubnames
                0x0000098a      0x17d build/default/production/FSMs/Motor_Y_FSM.o
 .debug_pubnames
                0x00000b07      0x113 build/default/production/FSMs/Servo_Azimuth_FSM.o
 .debug_pubnames
                0x00000c1a      0x136 build/default/production/hardware/AD.o
 .debug_pubnames
                0x00000d50       0xd6 build/default/production/hardware/BOARD.o
 .debug_pubnames
                0x00000e26       0xfe build/default/production/hardware/dee_emulation_pic32.o
 .debug_pubnames
                0x00000f24      0x1d6 build/default/production/hardware/IO_Ports.o
 .debug_pubnames
                0x000010fa      0x148 build/default/production/hardware/LED.o
 .debug_pubnames
                0x00001242       0xb3 build/default/production/hardware/pwm.o
 .debug_pubnames
                0x000012f5      0x181 build/default/production/hardware/RC_Servo.o
 .debug_pubnames
                0x00001476      0x271 build/default/production/hardware/serial.o
 .debug_pubnames
                0x000016e7      0x29b build/default/production/hardware/Stepper.o
 .debug_pubnames
                0x00001982       0x29 /Applications/microchip/xc32/v1.32/bin/bin/../../lib/gcc/pic32mx/4.5.2/../../../../pic32mx/lib/libmchp_peripheral_32MX320F128H.a(int_configure_system_lib.o)
 .debug_pubnames
                0x000019ab       0x2a /Applications/microchip/xc32/v1.32/bin/bin/../../lib/gcc/pic32mx/4.5.2/../../../../pic32mx/lib/libmchp_peripheral_32MX320F128H.a(int_enable_interrupts_lib.o)
 .debug_pubnames
                0x000019d5       0xca /Applications/microchip/xc32/v1.32/bin/bin/../../lib/gcc/pic32mx/4.5.2/../../../../pic32mx/lib/libmchp_peripheral_32MX320F128H.a(int_tbl_lib.o)
 .debug_pubnames
                0x00001a9f       0x23 /Applications/microchip/xc32/v1.32/bin/bin/../../lib/gcc/pic32mx/4.5.2/../../../../pic32mx/lib/libmchp_peripheral_32MX320F128H.a(nvm_erase_page_lib.o)
 .debug_pubnames
                0x00001ac2       0x24 /Applications/microchip/xc32/v1.32/bin/bin/../../lib/gcc/pic32mx/4.5.2/../../../../pic32mx/lib/libmchp_peripheral_32MX320F128H.a(nvm_operation_lib.o)
 .debug_pubnames
                0x00001ae6       0x23 /Applications/microchip/xc32/v1.32/bin/bin/../../lib/gcc/pic32mx/4.5.2/../../../../pic32mx/lib/libmchp_peripheral_32MX320F128H.a(nvm_write_word_lib.o)
 .debug_pubnames
                0x00001b09       0x2b /Applications/microchip/xc32/v1.32/bin/bin/../../lib/gcc/pic32mx/4.5.2/../../../../pic32mx/lib/libmchp_peripheral_32MX320F128H.a(port_set_pins_digital_in_lib.o)
 .debug_pubnames
                0x00001b34       0xb1 /Applications/microchip/xc32/v1.32/bin/bin/../../lib/gcc/pic32mx/4.5.2/../../../../pic32mx/lib/libmchp_peripheral_32MX320F128H.a(uart_lib.o)
 .debug_pubnames
                0x00001be5       0x2b /Applications/microchip/xc32/v1.32/bin/bin/../../lib/gcc/pic32mx/4.5.2/../../../../pic32mx/lib/libmchp_peripheral_32MX320F128H.a(int_disable_interrupts_lib.o)
 .debug_pubnames
                0x00001c10       0x2b /Applications/microchip/xc32/v1.32/bin/bin/../../lib/gcc/pic32mx/4.5.2/../../../../pic32mx/lib/libmchp_peripheral_32MX320F128H.a(int_restore_interrupts_lib.o)
 .debug_pubnames
                0x00001c3b       0x24 /Applications/microchip/xc32/v1.32/bin/bin/../../lib/gcc/pic32mx/4.5.2/libgcc.a(floatunsisf.o)
 .debug_pubnames
                0x00001c5f       0x33 /Applications/microchip/xc32/v1.32/bin/bin/../../lib/gcc/pic32mx/4.5.2/../../../../pic32mx/lib/libpic32.a(default-bootstrap-exception-handler.o)
 .debug_pubnames
                0x00001c92       0x20 /Applications/microchip/xc32/v1.32/bin/bin/../../lib/gcc/pic32mx/4.5.2/../../../../pic32mx/lib/libpic32.a(default-on-reset.o)
 .debug_pubnames
                0x00001cb2       0x24 /Applications/microchip/xc32/v1.32/bin/bin/../../lib/gcc/pic32mx/4.5.2/../../../../pic32mx/lib/libpic32.a(default-on-bootstrap.o)
 .debug_pubnames
                0x00001cd6       0x31 /Applications/microchip/xc32/v1.32/bin/bin/../../lib/gcc/pic32mx/4.5.2/../../../../pic32mx/lib/libpic32.a(default-general-exception-handler.o)
 .debug_pubnames
                0x00001d07       0x28 /Applications/microchip/xc32/v1.32/bin/bin/../../lib/gcc/pic32mx/4.5.2/../../../../pic32mx/lib/libpic32.a(defaultinterrupt.o)
 .debug_pubnames
                0x00001d2f       0x25 /Applications/microchip/xc32/v1.32/bin/bin/../../lib/gcc/pic32mx/4.5.2/../../../../pic32mx/lib/libc.a(puts.o)
 .debug_pubnames
                0x00001d54       0x27 /Applications/microchip/xc32/v1.32/bin/bin/../../lib/gcc/pic32mx/4.5.2/../../../../pic32mx/lib/libc.a(printf_cdnopuxX.eo)
 .debug_pubnames
                0x00001d7b       0x20 /Applications/microchip/xc32/v1.32/bin/bin/../../lib/gcc/pic32mx/4.5.2/../../../../pic32mx/lib/libc.a(printf_s.eo)
 .debug_pubnames
                0x00001d9b       0x1c /Applications/microchip/xc32/v1.32/bin/bin/../../lib/gcc/pic32mx/4.5.2/../../../../pic32mx/lib/libc.a(_fputc_simple.o)
 .debug_pubnames
                0x00001db7       0x1e /Applications/microchip/xc32/v1.32/bin/bin/../../lib/gcc/pic32mx/4.5.2/../../../../pic32mx/lib/libc.a(_flsbuf_simple.o)
 .debug_pubnames
                0x00001dd5       0x1c /Applications/microchip/xc32/v1.32/bin/bin/../../lib/gcc/pic32mx/4.5.2/../../../../pic32mx/lib/libpic32.a(write.o)
 .debug_pubnames
                0x00001df1       0x20 /Applications/microchip/xc32/v1.32/bin/bin/../../lib/gcc/pic32mx/4.5.2/libgcc.a(_udivdi3.o)
 .debug_pubnames
                0x00001e11       0x20 /Applications/microchip/xc32/v1.32/bin/bin/../../lib/gcc/pic32mx/4.5.2/libgcc.a(_umoddi3.o)
 .debug_pubnames
                0x00001e31       0x2a /Applications/microchip/xc32/v1.32/bin/bin/../../lib/gcc/pic32mx/4.5.2/../../../../pic32mx/lib/libc.a(doprnt_cdnopsuxX.eo)

.debug_info     0x00000000    0x180e0
 *(.debug_info .gnu.linkonce.wi.*)
 .debug_info    0x00000000      0x3a6 build/default/production/ES_Files/ES_CheckEvents.o
 .debug_info    0x000003a6      0xaf7 build/default/production/ES_Files/ES_Framework.o
 .debug_info    0x00000e9d      0x679 build/default/production/ES_Files/ES_KeyboardInput.o
 .debug_info    0x00001516      0x1c3 build/default/production/ES_Files/ES_LookupTables.o
 .debug_info    0x000016d9      0x2fd build/default/production/ES_Files/ES_PostList.o
 .debug_info    0x000019d6      0x5a5 build/default/production/ES_Files/ES_Queue.o
 .debug_info    0x00001f7b      0x40a build/default/production/ES_Files/ES_TattleTale.o
 .debug_info    0x00002385      0x995 build/default/production/ES_Files/ES_Timers.o
 .debug_info    0x00002d1a      0x5c5 build/default/production/ES_Files/ES_TimerService.o
 .debug_info    0x000032df     0x1d19 build/default/production/FSMs/Bot.o
 .debug_info    0x00004ff8     0x1182 build/default/production/FSMs/BotFrameworkEvents.o
 .debug_info    0x0000617a      0x4ab build/default/production/FSMs/BotMain.o
 .debug_info    0x00006625      0xfdf build/default/production/FSMs/Motor_X_FSM.o
 .debug_info    0x00007604      0xed7 build/default/production/FSMs/Motor_Y_FSM.o
 .debug_info    0x000084db      0xe00 build/default/production/FSMs/Servo_Azimuth_FSM.o
 .debug_info    0x000092db     0x10d5 build/default/production/hardware/AD.o
 .debug_info    0x0000a3b0     0x1438 build/default/production/hardware/BOARD.o
 .debug_info    0x0000b7e8     0x14c6 build/default/production/hardware/dee_emulation_pic32.o
 .debug_info    0x0000ccae     0x1318 build/default/production/hardware/IO_Ports.o
 .debug_info    0x0000dfc6     0x1a85 build/default/production/hardware/LED.o
 .debug_info    0x0000fa4b      0xb43 build/default/production/hardware/pwm.o
 .debug_info    0x0001058e     0x1c40 build/default/production/hardware/RC_Servo.o
 .debug_info    0x000121ce     0x244e build/default/production/hardware/serial.o
 .debug_info    0x0001461c     0x18be build/default/production/hardware/Stepper.o
 .debug_info    0x00015eda       0xb2 /Applications/microchip/xc32/v1.32/bin/bin/../../lib/gcc/pic32mx/4.5.2/../../../../pic32mx/lib/libmchp_peripheral_32MX320F128H.a(int_configure_system_lib.o)
 .debug_info    0x00015f8c       0xb4 /Applications/microchip/xc32/v1.32/bin/bin/../../lib/gcc/pic32mx/4.5.2/../../../../pic32mx/lib/libmchp_peripheral_32MX320F128H.a(int_enable_interrupts_lib.o)
 .debug_info    0x00016040      0x196 /Applications/microchip/xc32/v1.32/bin/bin/../../lib/gcc/pic32mx/4.5.2/../../../../pic32mx/lib/libmchp_peripheral_32MX320F128H.a(int_tbl_lib.o)
 .debug_info    0x000161d6       0xa6 /Applications/microchip/xc32/v1.32/bin/bin/../../lib/gcc/pic32mx/4.5.2/../../../../pic32mx/lib/libmchp_peripheral_32MX320F128H.a(nvm_erase_page_lib.o)
 .debug_info    0x0001627c       0xa6 /Applications/microchip/xc32/v1.32/bin/bin/../../lib/gcc/pic32mx/4.5.2/../../../../pic32mx/lib/libmchp_peripheral_32MX320F128H.a(nvm_operation_lib.o)
 .debug_info    0x00016322       0xa6 /Applications/microchip/xc32/v1.32/bin/bin/../../lib/gcc/pic32mx/4.5.2/../../../../pic32mx/lib/libmchp_peripheral_32MX320F128H.a(nvm_write_word_lib.o)
 .debug_info    0x000163c8       0xba /Applications/microchip/xc32/v1.32/bin/bin/../../lib/gcc/pic32mx/4.5.2/../../../../pic32mx/lib/libmchp_peripheral_32MX320F128H.a(port_set_pins_digital_in_lib.o)
 .debug_info    0x00016482        0x0 /Applications/microchip/xc32/v1.32/bin/bin/../../lib/gcc/pic32mx/4.5.2/../../../../pic32mx/lib/libmchp_peripheral_32MX320F128H.a(_ports_tbl_libp.o)
 .debug_info    0x00016482      0x175 /Applications/microchip/xc32/v1.32/bin/bin/../../lib/gcc/pic32mx/4.5.2/../../../../pic32mx/lib/libmchp_peripheral_32MX320F128H.a(uart_lib.o)
 .debug_info    0x000165f7       0xb6 /Applications/microchip/xc32/v1.32/bin/bin/../../lib/gcc/pic32mx/4.5.2/../../../../pic32mx/lib/libmchp_peripheral_32MX320F128H.a(int_disable_interrupts_lib.o)
 .debug_info    0x000166ad       0xb6 /Applications/microchip/xc32/v1.32/bin/bin/../../lib/gcc/pic32mx/4.5.2/../../../../pic32mx/lib/libmchp_peripheral_32MX320F128H.a(int_restore_interrupts_lib.o)
 .debug_info    0x00016763      0x12c /Applications/microchip/xc32/v1.32/bin/bin/../../lib/gcc/pic32mx/4.5.2/libgcc.a(floatunsisf.o)
 .debug_info    0x0001688f       0xde /Applications/microchip/xc32/v1.32/bin/bin/../../lib/gcc/pic32mx/4.5.2/../../../../pic32mx/lib/libpic32.a(default-bootstrap-exception-handler.o)
 .debug_info    0x0001696d       0xb8 /Applications/microchip/xc32/v1.32/bin/bin/../../lib/gcc/pic32mx/4.5.2/../../../../pic32mx/lib/libpic32.a(default-on-reset.o)
 .debug_info    0x00016a25       0xc0 /Applications/microchip/xc32/v1.32/bin/bin/../../lib/gcc/pic32mx/4.5.2/../../../../pic32mx/lib/libpic32.a(default-on-bootstrap.o)
 .debug_info    0x00016ae5       0xda /Applications/microchip/xc32/v1.32/bin/bin/../../lib/gcc/pic32mx/4.5.2/../../../../pic32mx/lib/libpic32.a(default-general-exception-handler.o)
 .debug_info    0x00016bbf       0xd2 /Applications/microchip/xc32/v1.32/bin/bin/../../lib/gcc/pic32mx/4.5.2/../../../../pic32mx/lib/libpic32.a(defaultinterrupt.o)
 .debug_info    0x00016c91       0xc1 /Applications/microchip/xc32/v1.32/bin/bin/../../lib/gcc/pic32mx/4.5.2/../../../../pic32mx/lib/libc.a(puts.o)
 .debug_info    0x00016d52       0xbb /Applications/microchip/xc32/v1.32/bin/bin/../../lib/gcc/pic32mx/4.5.2/../../../../pic32mx/lib/libc.a(printf_cdnopuxX.eo)
 .debug_info    0x00016e0d       0xb4 /Applications/microchip/xc32/v1.32/bin/bin/../../lib/gcc/pic32mx/4.5.2/../../../../pic32mx/lib/libc.a(printf_s.eo)
 .debug_info    0x00016ec1        0x0 /Applications/microchip/xc32/v1.32/bin/bin/../../lib/gcc/pic32mx/4.5.2/../../../../pic32mx/lib/libc.a(_iob.o)
 .debug_info    0x00016ec1       0xaf /Applications/microchip/xc32/v1.32/bin/bin/../../lib/gcc/pic32mx/4.5.2/../../../../pic32mx/lib/libc.a(_fputc_simple.o)
 .debug_info    0x00016f70       0xb2 /Applications/microchip/xc32/v1.32/bin/bin/../../lib/gcc/pic32mx/4.5.2/../../../../pic32mx/lib/libc.a(_flsbuf_simple.o)
 .debug_info    0x00017022        0x0 /Applications/microchip/xc32/v1.32/bin/bin/../../lib/gcc/pic32mx/4.5.2/../../../../pic32mx/lib/libc.a(ctype.o)
 .debug_info    0x00017022       0xa9 /Applications/microchip/xc32/v1.32/bin/bin/../../lib/gcc/pic32mx/4.5.2/../../../../pic32mx/lib/libpic32.a(write.o)
 .debug_info    0x000170cb      0x790 /Applications/microchip/xc32/v1.32/bin/bin/../../lib/gcc/pic32mx/4.5.2/libgcc.a(_udivdi3.o)
 .debug_info    0x0001785b      0x7c6 /Applications/microchip/xc32/v1.32/bin/bin/../../lib/gcc/pic32mx/4.5.2/libgcc.a(_umoddi3.o)
 .debug_info    0x00018021       0xbf /Applications/microchip/xc32/v1.32/bin/bin/../../lib/gcc/pic32mx/4.5.2/../../../../pic32mx/lib/libc.a(doprnt_cdnopsuxX.eo)

.debug_abbrev   0x00000000     0x2d7c
 *(.debug_abbrev)
 .debug_abbrev  0x00000000       0x7f build/default/production/ES_Files/ES_CheckEvents.o
 .debug_abbrev  0x0000007f      0x1fa build/default/production/ES_Files/ES_Framework.o
 .debug_abbrev  0x00000279      0x115 build/default/production/ES_Files/ES_KeyboardInput.o
 .debug_abbrev  0x0000038e       0x56 build/default/production/ES_Files/ES_LookupTables.o
 .debug_abbrev  0x000003e4       0xd0 build/default/production/ES_Files/ES_PostList.o
 .debug_abbrev  0x000004b4       0xe4 build/default/production/ES_Files/ES_Queue.o
 .debug_abbrev  0x00000598      0x115 build/default/production/ES_Files/ES_TattleTale.o
 .debug_abbrev  0x000006ad      0x1bf build/default/production/ES_Files/ES_Timers.o
 .debug_abbrev  0x0000086c       0xd7 build/default/production/ES_Files/ES_TimerService.o
 .debug_abbrev  0x00000943      0x256 build/default/production/FSMs/Bot.o
 .debug_abbrev  0x00000b99      0x1bc build/default/production/FSMs/BotFrameworkEvents.o
 .debug_abbrev  0x00000d55      0x158 build/default/production/FSMs/BotMain.o
 .debug_abbrev  0x00000ead      0x239 build/default/production/FSMs/Motor_X_FSM.o
 .debug_abbrev  0x000010e6      0x223 build/default/production/FSMs/Motor_Y_FSM.o
 .debug_abbrev  0x00001309      0x1da build/default/production/FSMs/Servo_Azimuth_FSM.o
 .debug_abbrev  0x000014e3      0x1af build/default/production/hardware/AD.o
 .debug_abbrev  0x00001692      0x1da build/default/production/hardware/BOARD.o
 .debug_abbrev  0x0000186c      0x256 build/default/production/hardware/dee_emulation_pic32.o
 .debug_abbrev  0x00001ac2      0x1d3 build/default/production/hardware/IO_Ports.o
 .debug_abbrev  0x00001c95      0x255 build/default/production/hardware/LED.o
 .debug_abbrev  0x00001eea      0x189 build/default/production/hardware/pwm.o
 .debug_abbrev  0x00002073      0x277 build/default/production/hardware/RC_Servo.o
 .debug_abbrev  0x000022ea      0x2c2 build/default/production/hardware/serial.o
 .debug_abbrev  0x000025ac      0x1d4 build/default/production/hardware/Stepper.o
 .debug_abbrev  0x00002780       0x25 /Applications/microchip/xc32/v1.32/bin/bin/../../lib/gcc/pic32mx/4.5.2/../../../../pic32mx/lib/libmchp_peripheral_32MX320F128H.a(int_configure_system_lib.o)
 .debug_abbrev  0x000027a5       0x25 /Applications/microchip/xc32/v1.32/bin/bin/../../lib/gcc/pic32mx/4.5.2/../../../../pic32mx/lib/libmchp_peripheral_32MX320F128H.a(int_enable_interrupts_lib.o)
 .debug_abbrev  0x000027ca       0x25 /Applications/microchip/xc32/v1.32/bin/bin/../../lib/gcc/pic32mx/4.5.2/../../../../pic32mx/lib/libmchp_peripheral_32MX320F128H.a(int_tbl_lib.o)
 .debug_abbrev  0x000027ef       0x25 /Applications/microchip/xc32/v1.32/bin/bin/../../lib/gcc/pic32mx/4.5.2/../../../../pic32mx/lib/libmchp_peripheral_32MX320F128H.a(nvm_erase_page_lib.o)
 .debug_abbrev  0x00002814       0x25 /Applications/microchip/xc32/v1.32/bin/bin/../../lib/gcc/pic32mx/4.5.2/../../../../pic32mx/lib/libmchp_peripheral_32MX320F128H.a(nvm_operation_lib.o)
 .debug_abbrev  0x00002839       0x25 /Applications/microchip/xc32/v1.32/bin/bin/../../lib/gcc/pic32mx/4.5.2/../../../../pic32mx/lib/libmchp_peripheral_32MX320F128H.a(nvm_write_word_lib.o)
 .debug_abbrev  0x0000285e       0x25 /Applications/microchip/xc32/v1.32/bin/bin/../../lib/gcc/pic32mx/4.5.2/../../../../pic32mx/lib/libmchp_peripheral_32MX320F128H.a(port_set_pins_digital_in_lib.o)
 .debug_abbrev  0x00002883        0x1 /Applications/microchip/xc32/v1.32/bin/bin/../../lib/gcc/pic32mx/4.5.2/../../../../pic32mx/lib/libmchp_peripheral_32MX320F128H.a(_ports_tbl_libp.o)
 .debug_abbrev  0x00002884       0x38 /Applications/microchip/xc32/v1.32/bin/bin/../../lib/gcc/pic32mx/4.5.2/../../../../pic32mx/lib/libmchp_peripheral_32MX320F128H.a(uart_lib.o)
 .debug_abbrev  0x000028bc       0x25 /Applications/microchip/xc32/v1.32/bin/bin/../../lib/gcc/pic32mx/4.5.2/../../../../pic32mx/lib/libmchp_peripheral_32MX320F128H.a(int_disable_interrupts_lib.o)
 .debug_abbrev  0x000028e1       0x25 /Applications/microchip/xc32/v1.32/bin/bin/../../lib/gcc/pic32mx/4.5.2/../../../../pic32mx/lib/libmchp_peripheral_32MX320F128H.a(int_restore_interrupts_lib.o)
 .debug_abbrev  0x00002906       0x5f /Applications/microchip/xc32/v1.32/bin/bin/../../lib/gcc/pic32mx/4.5.2/libgcc.a(floatunsisf.o)
 .debug_abbrev  0x00002965       0x23 /Applications/microchip/xc32/v1.32/bin/bin/../../lib/gcc/pic32mx/4.5.2/../../../../pic32mx/lib/libpic32.a(default-bootstrap-exception-handler.o)
 .debug_abbrev  0x00002988       0x23 /Applications/microchip/xc32/v1.32/bin/bin/../../lib/gcc/pic32mx/4.5.2/../../../../pic32mx/lib/libpic32.a(default-on-reset.o)
 .debug_abbrev  0x000029ab       0x23 /Applications/microchip/xc32/v1.32/bin/bin/../../lib/gcc/pic32mx/4.5.2/../../../../pic32mx/lib/libpic32.a(default-on-bootstrap.o)
 .debug_abbrev  0x000029ce       0x23 /Applications/microchip/xc32/v1.32/bin/bin/../../lib/gcc/pic32mx/4.5.2/../../../../pic32mx/lib/libpic32.a(default-general-exception-handler.o)
 .debug_abbrev  0x000029f1       0x23 /Applications/microchip/xc32/v1.32/bin/bin/../../lib/gcc/pic32mx/4.5.2/../../../../pic32mx/lib/libpic32.a(defaultinterrupt.o)
 .debug_abbrev  0x00002a14       0x23 /Applications/microchip/xc32/v1.32/bin/bin/../../lib/gcc/pic32mx/4.5.2/../../../../pic32mx/lib/libc.a(puts.o)
 .debug_abbrev  0x00002a37       0x23 /Applications/microchip/xc32/v1.32/bin/bin/../../lib/gcc/pic32mx/4.5.2/../../../../pic32mx/lib/libc.a(printf_cdnopuxX.eo)
 .debug_abbrev  0x00002a5a       0x23 /Applications/microchip/xc32/v1.32/bin/bin/../../lib/gcc/pic32mx/4.5.2/../../../../pic32mx/lib/libc.a(printf_s.eo)
 .debug_abbrev  0x00002a7d        0x1 /Applications/microchip/xc32/v1.32/bin/bin/../../lib/gcc/pic32mx/4.5.2/../../../../pic32mx/lib/libc.a(_iob.o)
 .debug_abbrev  0x00002a7e       0x23 /Applications/microchip/xc32/v1.32/bin/bin/../../lib/gcc/pic32mx/4.5.2/../../../../pic32mx/lib/libc.a(_fputc_simple.o)
 .debug_abbrev  0x00002aa1       0x23 /Applications/microchip/xc32/v1.32/bin/bin/../../lib/gcc/pic32mx/4.5.2/../../../../pic32mx/lib/libc.a(_flsbuf_simple.o)
 .debug_abbrev  0x00002ac4        0x1 /Applications/microchip/xc32/v1.32/bin/bin/../../lib/gcc/pic32mx/4.5.2/../../../../pic32mx/lib/libc.a(ctype.o)
 .debug_abbrev  0x00002ac5       0x23 /Applications/microchip/xc32/v1.32/bin/bin/../../lib/gcc/pic32mx/4.5.2/../../../../pic32mx/lib/libpic32.a(write.o)
 .debug_abbrev  0x00002ae8      0x132 /Applications/microchip/xc32/v1.32/bin/bin/../../lib/gcc/pic32mx/4.5.2/libgcc.a(_udivdi3.o)
 .debug_abbrev  0x00002c1a      0x13f /Applications/microchip/xc32/v1.32/bin/bin/../../lib/gcc/pic32mx/4.5.2/libgcc.a(_umoddi3.o)
 .debug_abbrev  0x00002d59       0x23 /Applications/microchip/xc32/v1.32/bin/bin/../../lib/gcc/pic32mx/4.5.2/../../../../pic32mx/lib/libc.a(doprnt_cdnopsuxX.eo)

.debug_line     0x00000000     0x43f6
 *(.debug_line)
 .debug_line    0x00000000      0x152 build/default/production/ES_Files/ES_CheckEvents.o
 .debug_line    0x00000152      0x27a build/default/production/ES_Files/ES_Framework.o
 .debug_line    0x000003cc      0x15c build/default/production/ES_Files/ES_KeyboardInput.o
 .debug_line    0x00000528       0xbd build/default/production/ES_Files/ES_LookupTables.o
 .debug_line    0x000005e5      0x168 build/default/production/ES_Files/ES_PostList.o
 .debug_line    0x0000074d      0x121 build/default/production/ES_Files/ES_Queue.o
 .debug_line    0x0000086e      0x108 build/default/production/ES_Files/ES_TattleTale.o
 .debug_line    0x00000976      0x272 build/default/production/ES_Files/ES_Timers.o
 .debug_line    0x00000be8      0x135 build/default/production/ES_Files/ES_TimerService.o
 .debug_line    0x00000d1d      0x2f9 build/default/production/FSMs/Bot.o
 .debug_line    0x00001016      0x344 build/default/production/FSMs/BotFrameworkEvents.o
 .debug_line    0x0000135a      0x183 build/default/production/FSMs/BotMain.o
 .debug_line    0x000014dd      0x324 build/default/production/FSMs/Motor_X_FSM.o
 .debug_line    0x00001801      0x2f8 build/default/production/FSMs/Motor_Y_FSM.o
 .debug_line    0x00001af9      0x294 build/default/production/FSMs/Servo_Azimuth_FSM.o
 .debug_line    0x00001d8d      0x24e build/default/production/hardware/AD.o
 .debug_line    0x00001fdb      0x1f9 build/default/production/hardware/BOARD.o
 .debug_line    0x000021d4      0x3d3 build/default/production/hardware/dee_emulation_pic32.o
 .debug_line    0x000025a7      0x204 build/default/production/hardware/IO_Ports.o
 .debug_line    0x000027ab      0x31c build/default/production/hardware/LED.o
 .debug_line    0x00002ac7      0x21c build/default/production/hardware/pwm.o
 .debug_line    0x00002ce3      0x2e8 build/default/production/hardware/RC_Servo.o
 .debug_line    0x00002fcb      0x33c build/default/production/hardware/serial.o
 .debug_line    0x00003307      0x37a build/default/production/hardware/Stepper.o
 .debug_line    0x00003681       0x71 /Applications/microchip/xc32/v1.32/bin/bin/../../lib/gcc/pic32mx/4.5.2/../../../../pic32mx/lib/libmchp_peripheral_32MX320F128H.a(int_configure_system_lib.o)
 .debug_line    0x000036f2       0x72 /Applications/microchip/xc32/v1.32/bin/bin/../../lib/gcc/pic32mx/4.5.2/../../../../pic32mx/lib/libmchp_peripheral_32MX320F128H.a(int_enable_interrupts_lib.o)
 .debug_line    0x00003764       0x64 /Applications/microchip/xc32/v1.32/bin/bin/../../lib/gcc/pic32mx/4.5.2/../../../../pic32mx/lib/libmchp_peripheral_32MX320F128H.a(int_tbl_lib.o)
 .debug_line    0x000037c8       0x6b /Applications/microchip/xc32/v1.32/bin/bin/../../lib/gcc/pic32mx/4.5.2/../../../../pic32mx/lib/libmchp_peripheral_32MX320F128H.a(nvm_erase_page_lib.o)
 .debug_line    0x00003833       0x6a /Applications/microchip/xc32/v1.32/bin/bin/../../lib/gcc/pic32mx/4.5.2/../../../../pic32mx/lib/libmchp_peripheral_32MX320F128H.a(nvm_operation_lib.o)
 .debug_line    0x0000389d       0x6b /Applications/microchip/xc32/v1.32/bin/bin/../../lib/gcc/pic32mx/4.5.2/../../../../pic32mx/lib/libmchp_peripheral_32MX320F128H.a(nvm_write_word_lib.o)
 .debug_line    0x00003908       0x77 /Applications/microchip/xc32/v1.32/bin/bin/../../lib/gcc/pic32mx/4.5.2/../../../../pic32mx/lib/libmchp_peripheral_32MX320F128H.a(port_set_pins_digital_in_lib.o)
 .debug_line    0x0000397f        0x0 /Applications/microchip/xc32/v1.32/bin/bin/../../lib/gcc/pic32mx/4.5.2/../../../../pic32mx/lib/libmchp_peripheral_32MX320F128H.a(_ports_tbl_libp.o)
 .debug_line    0x0000397f       0x62 /Applications/microchip/xc32/v1.32/bin/bin/../../lib/gcc/pic32mx/4.5.2/../../../../pic32mx/lib/libmchp_peripheral_32MX320F128H.a(uart_lib.o)
 .debug_line    0x000039e1       0x73 /Applications/microchip/xc32/v1.32/bin/bin/../../lib/gcc/pic32mx/4.5.2/../../../../pic32mx/lib/libmchp_peripheral_32MX320F128H.a(int_disable_interrupts_lib.o)
 .debug_line    0x00003a54       0x73 /Applications/microchip/xc32/v1.32/bin/bin/../../lib/gcc/pic32mx/4.5.2/../../../../pic32mx/lib/libmchp_peripheral_32MX320F128H.a(int_restore_interrupts_lib.o)
 .debug_line    0x00003ac7       0x8e /Applications/microchip/xc32/v1.32/bin/bin/../../lib/gcc/pic32mx/4.5.2/libgcc.a(floatunsisf.o)
 .debug_line    0x00003b55       0x97 /Applications/microchip/xc32/v1.32/bin/bin/../../lib/gcc/pic32mx/4.5.2/../../../../pic32mx/lib/libpic32.a(default-bootstrap-exception-handler.o)
 .debug_line    0x00003bec       0x84 /Applications/microchip/xc32/v1.32/bin/bin/../../lib/gcc/pic32mx/4.5.2/../../../../pic32mx/lib/libpic32.a(default-on-reset.o)
 .debug_line    0x00003c70       0x88 /Applications/microchip/xc32/v1.32/bin/bin/../../lib/gcc/pic32mx/4.5.2/../../../../pic32mx/lib/libpic32.a(default-on-bootstrap.o)
 .debug_line    0x00003cf8       0x95 /Applications/microchip/xc32/v1.32/bin/bin/../../lib/gcc/pic32mx/4.5.2/../../../../pic32mx/lib/libpic32.a(default-general-exception-handler.o)
 .debug_line    0x00003d8d       0x96 /Applications/microchip/xc32/v1.32/bin/bin/../../lib/gcc/pic32mx/4.5.2/../../../../pic32mx/lib/libpic32.a(defaultinterrupt.o)
 .debug_line    0x00003e23       0x6e /Applications/microchip/xc32/v1.32/bin/bin/../../lib/gcc/pic32mx/4.5.2/../../../../pic32mx/lib/libc.a(puts.o)
 .debug_line    0x00003e91       0x70 /Applications/microchip/xc32/v1.32/bin/bin/../../lib/gcc/pic32mx/4.5.2/../../../../pic32mx/lib/libc.a(printf_cdnopuxX.eo)
 .debug_line    0x00003f01       0x70 /Applications/microchip/xc32/v1.32/bin/bin/../../lib/gcc/pic32mx/4.5.2/../../../../pic32mx/lib/libc.a(printf_s.eo)
 .debug_line    0x00003f71        0x0 /Applications/microchip/xc32/v1.32/bin/bin/../../lib/gcc/pic32mx/4.5.2/../../../../pic32mx/lib/libc.a(_iob.o)
 .debug_line    0x00003f71       0x6f /Applications/microchip/xc32/v1.32/bin/bin/../../lib/gcc/pic32mx/4.5.2/../../../../pic32mx/lib/libc.a(_fputc_simple.o)
 .debug_line    0x00003fe0       0x70 /Applications/microchip/xc32/v1.32/bin/bin/../../lib/gcc/pic32mx/4.5.2/../../../../pic32mx/lib/libc.a(_flsbuf_simple.o)
 .debug_line    0x00004050        0x0 /Applications/microchip/xc32/v1.32/bin/bin/../../lib/gcc/pic32mx/4.5.2/../../../../pic32mx/lib/libc.a(ctype.o)
 .debug_line    0x00004050       0x79 /Applications/microchip/xc32/v1.32/bin/bin/../../lib/gcc/pic32mx/4.5.2/../../../../pic32mx/lib/libpic32.a(write.o)
 .debug_line    0x000040c9      0x168 /Applications/microchip/xc32/v1.32/bin/bin/../../lib/gcc/pic32mx/4.5.2/libgcc.a(_udivdi3.o)
 .debug_line    0x00004231      0x155 /Applications/microchip/xc32/v1.32/bin/bin/../../lib/gcc/pic32mx/4.5.2/libgcc.a(_umoddi3.o)
 .debug_line    0x00004386       0x70 /Applications/microchip/xc32/v1.32/bin/bin/../../lib/gcc/pic32mx/4.5.2/../../../../pic32mx/lib/libc.a(doprnt_cdnopsuxX.eo)

.debug_frame    0x00000000     0x1c14
 *(.debug_frame)
 .debug_frame   0x00000000       0x2c build/default/production/ES_Files/ES_CheckEvents.o
 .debug_frame   0x0000002c       0x9c build/default/production/ES_Files/ES_Framework.o
 .debug_frame   0x000000c8       0x80 build/default/production/ES_Files/ES_KeyboardInput.o
 .debug_frame   0x00000148       0x80 build/default/production/ES_Files/ES_Queue.o
 .debug_frame   0x000001c8       0xfc build/default/production/ES_Files/ES_Timers.o
 .debug_frame   0x000002c4       0xd4 build/default/production/ES_Files/ES_TimerService.o
 .debug_frame   0x00000398      0x12c build/default/production/FSMs/Bot.o
 .debug_frame   0x000004c4      0x134 build/default/production/FSMs/BotFrameworkEvents.o
 .debug_frame   0x000005f8       0x2c build/default/production/FSMs/BotMain.o
 .debug_frame   0x00000624      0x110 build/default/production/FSMs/Motor_X_FSM.o
 .debug_frame   0x00000734      0x110 build/default/production/FSMs/Motor_Y_FSM.o
 .debug_frame   0x00000844       0x84 build/default/production/FSMs/Servo_Azimuth_FSM.o
 .debug_frame   0x000008c8      0x138 build/default/production/hardware/AD.o
 .debug_frame   0x00000a00       0x64 build/default/production/hardware/BOARD.o
 .debug_frame   0x00000a64      0x148 build/default/production/hardware/dee_emulation_pic32.o
 .debug_frame   0x00000bac      0x198 build/default/production/hardware/IO_Ports.o
 .debug_frame   0x00000d44      0x128 build/default/production/hardware/LED.o
 .debug_frame   0x00000e6c      0x10c build/default/production/hardware/pwm.o
 .debug_frame   0x00000f78      0x18c build/default/production/hardware/RC_Servo.o
 .debug_frame   0x00001104      0x38c build/default/production/hardware/serial.o
 .debug_frame   0x00001490      0x2d4 build/default/production/hardware/Stepper.o
 .debug_frame   0x00001764       0x20 /Applications/microchip/xc32/v1.32/bin/bin/../../lib/gcc/pic32mx/4.5.2/../../../../pic32mx/lib/libmchp_peripheral_32MX320F128H.a(int_configure_system_lib.o)